Archive member included because of file (symbol)

p:/sdk/sdk_win_64/sdk_win_64/winavr/bin/../lib/gcc/avr/4.3.3/avr5\libgcc.a(_mulsi3.o)
                              ./MCAL/Timers/Timer_Prog.o (__mulsi3)
p:/sdk/sdk_win_64/sdk_win_64/winavr/bin/../lib/gcc/avr/4.3.3/avr5\libgcc.a(_udivmodqi4.o)
                              ./MCAL/Timers/Timer_Prog.o (__udivmodqi4)
p:/sdk/sdk_win_64/sdk_win_64/winavr/bin/../lib/gcc/avr/4.3.3/avr5\libgcc.a(_udivmodhi4.o)
                              ./MCAL/UART/UART_Prog.o (__udivmodhi4)
p:/sdk/sdk_win_64/sdk_win_64/winavr/bin/../lib/gcc/avr/4.3.3/avr5\libgcc.a(_divmodhi4.o)
                              ./HAL/LCD/LCD_Prog.o (__divmodhi4)
p:/sdk/sdk_win_64/sdk_win_64/winavr/bin/../lib/gcc/avr/4.3.3/avr5\libgcc.a(_divmodsi4.o)
                              ./MCAL/Timers/Timer_Prog.o (__divmodsi4)
p:/sdk/sdk_win_64/sdk_win_64/winavr/bin/../lib/gcc/avr/4.3.3/avr5\libgcc.a(_exit.o)
                              p:/sdk/sdk_win_64/sdk_win_64/winavr/bin/../lib/gcc/avr/4.3.3/../../../../avr/lib/avr5/crtm32.o (exit)
p:/sdk/sdk_win_64/sdk_win_64/winavr/bin/../lib/gcc/avr/4.3.3/avr5\libgcc.a(_copy_data.o)
                              ./HAL/SSD/SSD_Prog.o (__do_copy_data)
p:/sdk/sdk_win_64/sdk_win_64/winavr/bin/../lib/gcc/avr/4.3.3/avr5\libgcc.a(_clear_bss.o)
                              ./MCAL/UART/UART_Prog.o (__do_clear_bss)
p:/sdk/sdk_win_64/sdk_win_64/winavr/bin/../lib/gcc/avr/4.3.3/avr5\libgcc.a(_fixunssfsi.o)
                              ./MCAL/Timers/Timer_Prog.o (__fixunssfsi)
p:/sdk/sdk_win_64/sdk_win_64/winavr/bin/../lib/gcc/avr/4.3.3/avr5\libgcc.a(_addsub_sf.o)
                              ./MCAL/Timers/Timer_Prog.o (__subsf3)
p:/sdk/sdk_win_64/sdk_win_64/winavr/bin/../lib/gcc/avr/4.3.3/avr5\libgcc.a(_mul_sf.o)
                              ./HAL/SSD/SSD_Prog.o (__mulsf3)
p:/sdk/sdk_win_64/sdk_win_64/winavr/bin/../lib/gcc/avr/4.3.3/avr5\libgcc.a(_div_sf.o)
                              ./MCAL/Timers/Timer_Prog.o (__divsf3)
p:/sdk/sdk_win_64/sdk_win_64/winavr/bin/../lib/gcc/avr/4.3.3/avr5\libgcc.a(_gt_sf.o)
                              ./HAL/SSD/SSD_Prog.o (__gtsf2)
p:/sdk/sdk_win_64/sdk_win_64/winavr/bin/../lib/gcc/avr/4.3.3/avr5\libgcc.a(_ge_sf.o)
                              p:/sdk/sdk_win_64/sdk_win_64/winavr/bin/../lib/gcc/avr/4.3.3/avr5\libgcc.a(_fixunssfsi.o) (__gesf2)
p:/sdk/sdk_win_64/sdk_win_64/winavr/bin/../lib/gcc/avr/4.3.3/avr5\libgcc.a(_lt_sf.o)
                              ./HAL/SSD/SSD_Prog.o (__ltsf2)
p:/sdk/sdk_win_64/sdk_win_64/winavr/bin/../lib/gcc/avr/4.3.3/avr5\libgcc.a(_sf_to_si.o)
                              p:/sdk/sdk_win_64/sdk_win_64/winavr/bin/../lib/gcc/avr/4.3.3/avr5\libgcc.a(_fixunssfsi.o) (__fixsfsi)
p:/sdk/sdk_win_64/sdk_win_64/winavr/bin/../lib/gcc/avr/4.3.3/avr5\libgcc.a(_thenan_sf.o)
                              p:/sdk/sdk_win_64/sdk_win_64/winavr/bin/../lib/gcc/avr/4.3.3/avr5\libgcc.a(_addsub_sf.o) (__thenan_sf)
p:/sdk/sdk_win_64/sdk_win_64/winavr/bin/../lib/gcc/avr/4.3.3/avr5\libgcc.a(_usi_to_sf.o)
                              ./MCAL/Timers/Timer_Prog.o (__floatunsisf)
p:/sdk/sdk_win_64/sdk_win_64/winavr/bin/../lib/gcc/avr/4.3.3/avr5\libgcc.a(_udivmodsi4.o)
                              p:/sdk/sdk_win_64/sdk_win_64/winavr/bin/../lib/gcc/avr/4.3.3/avr5\libgcc.a(_divmodsi4.o) (__udivmodsi4)
p:/sdk/sdk_win_64/sdk_win_64/winavr/bin/../lib/gcc/avr/4.3.3/avr5\libgcc.a(_prologue.o)
                              p:/sdk/sdk_win_64/sdk_win_64/winavr/bin/../lib/gcc/avr/4.3.3/avr5\libgcc.a(_addsub_sf.o) (__prologue_saves__)
p:/sdk/sdk_win_64/sdk_win_64/winavr/bin/../lib/gcc/avr/4.3.3/avr5\libgcc.a(_epilogue.o)
                              p:/sdk/sdk_win_64/sdk_win_64/winavr/bin/../lib/gcc/avr/4.3.3/avr5\libgcc.a(_addsub_sf.o) (__epilogue_restores__)
p:/sdk/sdk_win_64/sdk_win_64/winavr/bin/../lib/gcc/avr/4.3.3/avr5\libgcc.a(_clzsi2.o)
                              p:/sdk/sdk_win_64/sdk_win_64/winavr/bin/../lib/gcc/avr/4.3.3/avr5\libgcc.a(_usi_to_sf.o) (__clzsi2)
p:/sdk/sdk_win_64/sdk_win_64/winavr/bin/../lib/gcc/avr/4.3.3/avr5\libgcc.a(_pack_sf.o)
                              p:/sdk/sdk_win_64/sdk_win_64/winavr/bin/../lib/gcc/avr/4.3.3/avr5\libgcc.a(_addsub_sf.o) (__pack_f)
p:/sdk/sdk_win_64/sdk_win_64/winavr/bin/../lib/gcc/avr/4.3.3/avr5\libgcc.a(_unpack_sf.o)
                              p:/sdk/sdk_win_64/sdk_win_64/winavr/bin/../lib/gcc/avr/4.3.3/avr5\libgcc.a(_addsub_sf.o) (__unpack_f)
p:/sdk/sdk_win_64/sdk_win_64/winavr/bin/../lib/gcc/avr/4.3.3/avr5\libgcc.a(_fpcmp_parts_sf.o)
                              p:/sdk/sdk_win_64/sdk_win_64/winavr/bin/../lib/gcc/avr/4.3.3/avr5\libgcc.a(_gt_sf.o) (__fpcmp_parts_f)
p:/sdk/sdk_win_64/sdk_win_64/winavr/bin/../lib/gcc/avr/4.3.3/avr5\libgcc.a(_clz.o)
                              p:/sdk/sdk_win_64/sdk_win_64/winavr/bin/../lib/gcc/avr/4.3.3/avr5\libgcc.a(_clzsi2.o) (__clz_tab)

Allocating common symbols
Common symbol       size              file

ADC_OBJ             0x6               ./MCAL/ADC/ADC_Prog.o
UART_Module         0x9               ./MCAL/UART/UART_Prog.o

Memory Configuration

Name             Origin             Length             Attributes
text             0x00000000         0x00020000         xr
data             0x00800060         0x0000ffa0         rw !x
eeprom           0x00810000         0x00010000         rw !x
fuse             0x00820000         0x00000400         rw !x
lock             0x00830000         0x00000400         rw !x
signature        0x00840000         0x00000400         rw !x
*default*        0x00000000         0xffffffff

Linker script and memory map

LOAD p:/sdk/sdk_win_64/sdk_win_64/winavr/bin/../lib/gcc/avr/4.3.3/../../../../avr/lib/avr5/crtm32.o
LOAD ./MCAL/WDT/WDT_Prog.o
LOAD ./MCAL/UART/UART_Prog.o
LOAD ./MCAL/Timers/Timer_Prog.o
LOAD ./MCAL/SPI/SPI_Prog.o
LOAD ./MCAL/GIE/GIE_Prog.o
LOAD ./MCAL/EXT_Interrupt/EXT_Interrupt_Prog.o
LOAD ./MCAL/DIO/DIO_Prog.o
LOAD ./MCAL/ADC/ADC_Prog.o
LOAD ./HAL/SSD/SSD_Prog.o
LOAD ./HAL/Push_Button/Push_Button_Prog.o
LOAD ./HAL/POT/POT_Prog.o
LOAD ./HAL/LED/LED_Prog.o
LOAD ./HAL/LCD/LCD_Prog.o
LOAD ./HAL/KeyPad/KeyPad_Prog.o
LOAD ./HAL/Buzzer/Buzzer_Prog.o
LOAD ./APP/ISRs/ISRs.o
LOAD ./APP/APP_Init.o
LOAD ./APP/main.o
LOAD p:/sdk/sdk_win_64/sdk_win_64/winavr/bin/../lib/gcc/avr/4.3.3/avr5\libgcc.a
LOAD p:/sdk/sdk_win_64/sdk_win_64/winavr/bin/../lib/gcc/avr/4.3.3/../../../../avr/lib/avr5\libc.a
LOAD p:/sdk/sdk_win_64/sdk_win_64/winavr/bin/../lib/gcc/avr/4.3.3/avr5\libgcc.a

.hash
 *(.hash)

.dynsym
 *(.dynsym)

.dynstr
 *(.dynstr)

.gnu.version
 *(.gnu.version)

.gnu.version_d
 *(.gnu.version_d)

.gnu.version_r
 *(.gnu.version_r)

.rel.init
 *(.rel.init)

.rela.init
 *(.rela.init)

.rel.text
 *(.rel.text)
 *(.rel.text.*)
 *(.rel.gnu.linkonce.t*)

.rela.text
 *(.rela.text)
 *(.rela.text.*)
 *(.rela.gnu.linkonce.t*)

.rel.fini
 *(.rel.fini)

.rela.fini
 *(.rela.fini)

.rel.rodata
 *(.rel.rodata)
 *(.rel.rodata.*)
 *(.rel.gnu.linkonce.r*)

.rela.rodata
 *(.rela.rodata)
 *(.rela.rodata.*)
 *(.rela.gnu.linkonce.r*)

.rel.data
 *(.rel.data)
 *(.rel.data.*)
 *(.rel.gnu.linkonce.d*)

.rela.data
 *(.rela.data)
 *(.rela.data.*)
 *(.rela.gnu.linkonce.d*)

.rel.ctors
 *(.rel.ctors)

.rela.ctors
 *(.rela.ctors)

.rel.dtors
 *(.rel.dtors)

.rela.dtors
 *(.rela.dtors)

.rel.got
 *(.rel.got)

.rela.got
 *(.rela.got)

.rel.bss
 *(.rel.bss)

.rela.bss
 *(.rela.bss)

.rel.plt
 *(.rel.plt)

.rela.plt
 *(.rela.plt)

.text           0x00000000     0x8900
 *(.vectors)
 .vectors       0x00000000       0x54 p:/sdk/sdk_win_64/sdk_win_64/winavr/bin/../lib/gcc/avr/4.3.3/../../../../avr/lib/avr5/crtm32.o
                0x00000000                __vectors
                0x00000000                __vector_default
 *(.vectors)
 *(.progmem.gcc*)
 *(.progmem*)
                0x00000054                . = ALIGN (0x2)
                0x00000054                __trampolines_start = .
 *(.trampolines)
 .trampolines   0x00000054        0x0 linker stubs
 *(.trampolines*)
                0x00000054                __trampolines_end = .
 *(.jumptables)
 *(.jumptables*)
 *(.lowtext)
 *(.lowtext*)
                0x00000054                __ctors_start = .
 *(.ctors)
                0x00000054                __ctors_end = .
                0x00000054                __dtors_start = .
 *(.dtors)
                0x00000054                __dtors_end = .
 SORT(*)(.ctors)
 SORT(*)(.dtors)
 *(.init0)
 .init0         0x00000054        0x0 p:/sdk/sdk_win_64/sdk_win_64/winavr/bin/../lib/gcc/avr/4.3.3/../../../../avr/lib/avr5/crtm32.o
                0x00000054                __init
 *(.init0)
 *(.init1)
 *(.init1)
 *(.init2)
 .init2         0x00000054        0xc p:/sdk/sdk_win_64/sdk_win_64/winavr/bin/../lib/gcc/avr/4.3.3/../../../../avr/lib/avr5/crtm32.o
 *(.init2)
 *(.init3)
 *(.init3)
 *(.init4)
 .init4         0x00000060       0x16 p:/sdk/sdk_win_64/sdk_win_64/winavr/bin/../lib/gcc/avr/4.3.3/avr5\libgcc.a(_copy_data.o)
                0x00000060                __do_copy_data
 .init4         0x00000076       0x10 p:/sdk/sdk_win_64/sdk_win_64/winavr/bin/../lib/gcc/avr/4.3.3/avr5\libgcc.a(_clear_bss.o)
                0x00000076                __do_clear_bss
 *(.init4)
 *(.init5)
 *(.init5)
 *(.init6)
 *(.init6)
 *(.init7)
 *(.init7)
 *(.init8)
 *(.init8)
 *(.init9)
 .init9         0x00000086        0x8 p:/sdk/sdk_win_64/sdk_win_64/winavr/bin/../lib/gcc/avr/4.3.3/../../../../avr/lib/avr5/crtm32.o
 *(.init9)
 *(.text)
 .text          0x0000008e        0x4 p:/sdk/sdk_win_64/sdk_win_64/winavr/bin/../lib/gcc/avr/4.3.3/../../../../avr/lib/avr5/crtm32.o
                0x0000008e                __vector_12
                0x0000008e                __bad_interrupt
                0x0000008e                __vector_17
                0x0000008e                __vector_19
                0x0000008e                __vector_5
                0x0000008e                __vector_4
                0x0000008e                __vector_18
                0x0000008e                __vector_20
 .text          0x00000092        0x0 ./MCAL/WDT/WDT_Prog.o
 .text          0x00000092        0x0 ./MCAL/UART/UART_Prog.o
 .text          0x00000092        0x0 ./MCAL/Timers/Timer_Prog.o
 .text          0x00000092        0x0 ./MCAL/SPI/SPI_Prog.o
 .text          0x00000092        0x0 ./MCAL/GIE/GIE_Prog.o
 .text          0x00000092        0x0 ./MCAL/EXT_Interrupt/EXT_Interrupt_Prog.o
 .text          0x00000092        0x0 ./MCAL/DIO/DIO_Prog.o
 .text          0x00000092        0x0 ./MCAL/ADC/ADC_Prog.o
 .text          0x00000092        0x0 ./HAL/SSD/SSD_Prog.o
 .text          0x00000092        0x0 ./HAL/Push_Button/Push_Button_Prog.o
 .text          0x00000092        0x0 ./HAL/POT/POT_Prog.o
 .text          0x00000092        0x0 ./HAL/LED/LED_Prog.o
 .text          0x00000092        0x0 ./HAL/LCD/LCD_Prog.o
 .text          0x00000092        0x0 ./HAL/KeyPad/KeyPad_Prog.o
 .text          0x00000092        0x0 ./HAL/Buzzer/Buzzer_Prog.o
 .text          0x00000092        0x0 ./APP/ISRs/ISRs.o
 .text          0x00000092        0x0 ./APP/APP_Init.o
 .text          0x00000092        0x0 ./APP/main.o
 .text          0x00000092        0x0 p:/sdk/sdk_win_64/sdk_win_64/winavr/bin/../lib/gcc/avr/4.3.3/avr5\libgcc.a(_mulsi3.o)
 .text          0x00000092        0x0 p:/sdk/sdk_win_64/sdk_win_64/winavr/bin/../lib/gcc/avr/4.3.3/avr5\libgcc.a(_udivmodqi4.o)
 .text          0x00000092        0x0 p:/sdk/sdk_win_64/sdk_win_64/winavr/bin/../lib/gcc/avr/4.3.3/avr5\libgcc.a(_udivmodhi4.o)
 .text          0x00000092        0x0 p:/sdk/sdk_win_64/sdk_win_64/winavr/bin/../lib/gcc/avr/4.3.3/avr5\libgcc.a(_divmodhi4.o)
 .text          0x00000092        0x0 p:/sdk/sdk_win_64/sdk_win_64/winavr/bin/../lib/gcc/avr/4.3.3/avr5\libgcc.a(_divmodsi4.o)
 .text          0x00000092        0x0 p:/sdk/sdk_win_64/sdk_win_64/winavr/bin/../lib/gcc/avr/4.3.3/avr5\libgcc.a(_exit.o)
 .text          0x00000092        0x0 p:/sdk/sdk_win_64/sdk_win_64/winavr/bin/../lib/gcc/avr/4.3.3/avr5\libgcc.a(_copy_data.o)
 .text          0x00000092        0x0 p:/sdk/sdk_win_64/sdk_win_64/winavr/bin/../lib/gcc/avr/4.3.3/avr5\libgcc.a(_clear_bss.o)
 .text          0x00000092       0x58 p:/sdk/sdk_win_64/sdk_win_64/winavr/bin/../lib/gcc/avr/4.3.3/avr5\libgcc.a(_fixunssfsi.o)
                0x00000092                __fixunssfsi
 .text          0x000000ea      0x354 p:/sdk/sdk_win_64/sdk_win_64/winavr/bin/../lib/gcc/avr/4.3.3/avr5\libgcc.a(_addsub_sf.o)
                0x00000382                __subsf3
                0x000003e4                __addsf3
 .text          0x0000043e      0x1f4 p:/sdk/sdk_win_64/sdk_win_64/winavr/bin/../lib/gcc/avr/4.3.3/avr5\libgcc.a(_mul_sf.o)
                0x0000043e                __mulsf3
 .text          0x00000632      0x158 p:/sdk/sdk_win_64/sdk_win_64/winavr/bin/../lib/gcc/avr/4.3.3/avr5\libgcc.a(_div_sf.o)
                0x00000632                __divsf3
 .text          0x0000078a       0x60 p:/sdk/sdk_win_64/sdk_win_64/winavr/bin/../lib/gcc/avr/4.3.3/avr5\libgcc.a(_gt_sf.o)
                0x0000078a                __gtsf2
 .text          0x000007ea       0x60 p:/sdk/sdk_win_64/sdk_win_64/winavr/bin/../lib/gcc/avr/4.3.3/avr5\libgcc.a(_ge_sf.o)
                0x000007ea                __gesf2
 .text          0x0000084a       0x60 p:/sdk/sdk_win_64/sdk_win_64/winavr/bin/../lib/gcc/avr/4.3.3/avr5\libgcc.a(_lt_sf.o)
                0x0000084a                __ltsf2
 .text          0x000008aa       0xa8 p:/sdk/sdk_win_64/sdk_win_64/winavr/bin/../lib/gcc/avr/4.3.3/avr5\libgcc.a(_sf_to_si.o)
                0x000008aa                __fixsfsi
 .text          0x00000952        0x0 p:/sdk/sdk_win_64/sdk_win_64/winavr/bin/../lib/gcc/avr/4.3.3/avr5\libgcc.a(_thenan_sf.o)
 .text          0x00000952       0xf2 p:/sdk/sdk_win_64/sdk_win_64/winavr/bin/../lib/gcc/avr/4.3.3/avr5\libgcc.a(_usi_to_sf.o)
                0x00000952                __floatunsisf
 .text          0x00000a44        0x0 p:/sdk/sdk_win_64/sdk_win_64/winavr/bin/../lib/gcc/avr/4.3.3/avr5\libgcc.a(_udivmodsi4.o)
 .text          0x00000a44        0x0 p:/sdk/sdk_win_64/sdk_win_64/winavr/bin/../lib/gcc/avr/4.3.3/avr5\libgcc.a(_prologue.o)
 .text          0x00000a44        0x0 p:/sdk/sdk_win_64/sdk_win_64/winavr/bin/../lib/gcc/avr/4.3.3/avr5\libgcc.a(_epilogue.o)
 .text          0x00000a44       0x9e p:/sdk/sdk_win_64/sdk_win_64/winavr/bin/../lib/gcc/avr/4.3.3/avr5\libgcc.a(_clzsi2.o)
                0x00000a44                __clzsi2
 .text          0x00000ae2      0x1aa p:/sdk/sdk_win_64/sdk_win_64/winavr/bin/../lib/gcc/avr/4.3.3/avr5\libgcc.a(_pack_sf.o)
                0x00000ae2                __pack_f
 .text          0x00000c8c       0xf0 p:/sdk/sdk_win_64/sdk_win_64/winavr/bin/../lib/gcc/avr/4.3.3/avr5\libgcc.a(_unpack_sf.o)
                0x00000c8c                __unpack_f
 .text          0x00000d7c       0xb2 p:/sdk/sdk_win_64/sdk_win_64/winavr/bin/../lib/gcc/avr/4.3.3/avr5\libgcc.a(_fpcmp_parts_sf.o)
                0x00000d7c                __fpcmp_parts_f
 .text          0x00000e2e        0x0 p:/sdk/sdk_win_64/sdk_win_64/winavr/bin/../lib/gcc/avr/4.3.3/avr5\libgcc.a(_clz.o)
                0x00000e2e                . = ALIGN (0x2)
 *(.text.*)
 .text.MCAL_USART_USARTInit
                0x00000e2e       0x5a ./MCAL/UART/UART_Prog.o
                0x00000e2e                MCAL_USART_USARTInit
 .text.MCAL_USART_USARTTransmitterStatus
                0x00000e88       0x38 ./MCAL/UART/UART_Prog.o
                0x00000e88                MCAL_USART_USARTTransmitterStatus
 .text.MCAL_USART_USARTSendData
                0x00000ec0       0x4e ./MCAL/UART/UART_Prog.o
                0x00000ec0                MCAL_USART_USARTSendData
 .text.MCAL_USART_USARTReceiverStatus
                0x00000f0e       0x36 ./MCAL/UART/UART_Prog.o
                0x00000f0e                MCAL_USART_USARTReceiverStatus
 .text.MCAL_USART_USARTReceiveData
                0x00000f44       0xc2 ./MCAL/UART/UART_Prog.o
                0x00000f44                MCAL_USART_USARTReceiveData
 .text.MCAL_USART_SetBaudRate
                0x00001006      0x1ae ./MCAL/UART/UART_Prog.o
                0x00001006                MCAL_USART_SetBaudRate
 .text.MCAL_USART_SetSyncStatusAndFrameFormat
                0x000011b4      0x1a0 ./MCAL/UART/UART_Prog.o
                0x000011b4                MCAL_USART_SetSyncStatusAndFrameFormat
 .text.MCAL_USART_ReadUBRRHorUCSRC
                0x00001354       0x46 ./MCAL/UART/UART_Prog.o
                0x00001354                MCAL_USART_ReadUBRRHorUCSRC
 .text.MCAL_USART_USARTTxCompleteINTStatus
                0x0000139a       0x3a ./MCAL/UART/UART_Prog.o
                0x0000139a                MCAL_USART_USARTTxCompleteINTStatus
 .text.MCAL_USART_SetCallBackTxComplete
                0x000013d4       0x30 ./MCAL/UART/UART_Prog.o
                0x000013d4                MCAL_USART_SetCallBackTxComplete
 .text.MCAL_USART_USARTRxCompleteINTStatus
                0x00001404       0x36 ./MCAL/UART/UART_Prog.o
                0x00001404                MCAL_USART_USARTRxCompleteINTStatus
 .text.MCAL_USART_SetCallBackRxComplete
                0x0000143a       0x30 ./MCAL/UART/UART_Prog.o
                0x0000143a                MCAL_USART_SetCallBackRxComplete
 .text.MCAL_USART_USARTTxBufferEmptyINTStatus
                0x0000146a       0x38 ./MCAL/UART/UART_Prog.o
                0x0000146a                MCAL_USART_USARTTxBufferEmptyINTStatus
 .text.MCAL_USART_SetCallBackTxBufferEmpty
                0x000014a2       0x30 ./MCAL/UART/UART_Prog.o
                0x000014a2                MCAL_USART_SetCallBackTxBufferEmpty
 .text.__vector_15
                0x000014d2       0x64 ./MCAL/UART/UART_Prog.o
                0x000014d2                __vector_15
 .text.__vector_13
                0x00001536       0x5a ./MCAL/UART/UART_Prog.o
                0x00001536                __vector_13
 .text.__vector_14
                0x00001590       0x5a ./MCAL/UART/UART_Prog.o
                0x00001590                __vector_14
 .text.MCAL_Timers_TMR0Init
                0x000015ea       0xfc ./MCAL/Timers/Timer_Prog.o
                0x000015ea                MCAL_Timers_TMR0Init
 .text.MCAL_Timers_TMR0SetInitValue
                0x000016e6       0x26 ./MCAL/Timers/Timer_Prog.o
                0x000016e6                MCAL_Timers_TMR0SetInitValue
 .text.MCAL_Timers_TMR0CTCModeSetup
                0x0000170c       0xde ./MCAL/Timers/Timer_Prog.o
                0x0000170c                MCAL_Timers_TMR0CTCModeSetup
 .text.MCAL_Timers_TMR0FastPWMModeSetup
                0x000017ea       0xe6 ./MCAL/Timers/Timer_Prog.o
                0x000017ea                MCAL_Timers_TMR0FastPWMModeSetup
 .text.MCAL_Timers_TMR0PhaseCorrectPWMModeSetup
                0x000018d0      0x158 ./MCAL/Timers/Timer_Prog.o
                0x000018d0                MCAL_Timers_TMR0PhaseCorrectPWMModeSetup
 .text.MCAL_Timers_TMR0Start
                0x00001a28       0x3c ./MCAL/Timers/Timer_Prog.o
                0x00001a28                MCAL_Timers_TMR0Start
 .text.MCAL_Timers_TMR0Stop
                0x00001a64       0x24 ./MCAL/Timers/Timer_Prog.o
                0x00001a64                MCAL_Timers_TMR0Stop
 .text.MCAL_Timers_TMR0ForceCompareMatch
                0x00001a88       0x38 ./MCAL/Timers/Timer_Prog.o
                0x00001a88                MCAL_Timers_TMR0ForceCompareMatch
 .text.MCAL_Timers_TMR0OverflowInterruptStatus
                0x00001ac0       0x32 ./MCAL/Timers/Timer_Prog.o
                0x00001ac0                MCAL_Timers_TMR0OverflowInterruptStatus
 .text.MCAL_Timers_TMR0ReadOverflowInterruptFlag
                0x00001af2       0x32 ./MCAL/Timers/Timer_Prog.o
                0x00001af2                MCAL_Timers_TMR0ReadOverflowInterruptFlag
 .text.MCAL_Timers_TMR0ClearOverflowInterruptFlag
                0x00001b24       0x24 ./MCAL/Timers/Timer_Prog.o
                0x00001b24                MCAL_Timers_TMR0ClearOverflowInterruptFlag
 .text.MCAL_Timers_TMR0CompareMatchInterruptStatus
                0x00001b48       0x34 ./MCAL/Timers/Timer_Prog.o
                0x00001b48                MCAL_Timers_TMR0CompareMatchInterruptStatus
 .text.MCAL_Timers_TMR0ReadCompareMatchInterruptFlag
                0x00001b7c       0x34 ./MCAL/Timers/Timer_Prog.o
                0x00001b7c                MCAL_Timers_TMR0ReadCompareMatchInterruptFlag
 .text.MCAL_Timers_TMR0ClearCompareMatchInterruptFlag
                0x00001bb0       0x24 ./MCAL/Timers/Timer_Prog.o
                0x00001bb0                MCAL_Timers_TMR0ClearCompareMatchInterruptFlag
 .text.MCAL_Timers_TMR0OverlowSetCallBack
                0x00001bd4       0x30 ./MCAL/Timers/Timer_Prog.o
                0x00001bd4                MCAL_Timers_TMR0OverlowSetCallBack
 .text.MCAL_Timers_TMR0CompareMatchSetCallBack
                0x00001c04       0x30 ./MCAL/Timers/Timer_Prog.o
                0x00001c04                MCAL_Timers_TMR0CompareMatchSetCallBack
 .text.MCAL_Timers_TMR0Delay_ms
                0x00001c34      0x1ea ./MCAL/Timers/Timer_Prog.o
                0x00001c34                MCAL_Timers_TMR0Delay_ms
 .text.MCAL_Timers_TMR0Timer_ms
                0x00001e1e      0x1ce ./MCAL/Timers/Timer_Prog.o
                0x00001e1e                MCAL_Timers_TMR0Timer_ms
 .text.__vector_11
                0x00001fec       0xa2 ./MCAL/Timers/Timer_Prog.o
                0x00001fec                __vector_11
 .text.__vector_10
                0x0000208e       0x5a ./MCAL/Timers/Timer_Prog.o
                0x0000208e                __vector_10
 .text.MCAL_Timers_TMR1Init
                0x000020e8      0x434 ./MCAL/Timers/Timer_Prog.o
                0x000020e8                MCAL_Timers_TMR1Init
 .text.MCAL_Timers_TMR1SetInitValue
                0x0000251c       0x48 ./MCAL/Timers/Timer_Prog.o
                0x0000251c                MCAL_Timers_TMR1SetInitValue
 .text.MCAL_Timers_TMR1CTCModeSetup
                0x00002564      0x200 ./MCAL/Timers/Timer_Prog.o
                0x00002564                MCAL_Timers_TMR1CTCModeSetup
 .text.MCAL_Timers_TMR1FastPWMModeSetup
                0x00002764      0x2fc ./MCAL/Timers/Timer_Prog.o
                0x00002764                MCAL_Timers_TMR1FastPWMModeSetup
 .text.MCAL_Timers_TMR1PhaseCorrectPWMModeSetup
                0x00002a60      0x362 ./MCAL/Timers/Timer_Prog.o
                0x00002a60                MCAL_Timers_TMR1PhaseCorrectPWMModeSetup
 .text.MCAL_Timers_TMR1InputCaptureSetup
                0x00002dc2       0x78 ./MCAL/Timers/Timer_Prog.o
                0x00002dc2                MCAL_Timers_TMR1InputCaptureSetup
 .text.MCAL_Timers_TMR1Start
                0x00002e3a       0x3c ./MCAL/Timers/Timer_Prog.o
                0x00002e3a                MCAL_Timers_TMR1Start
 .text.MCAL_Timers_TMR1Stop
                0x00002e76       0x24 ./MCAL/Timers/Timer_Prog.o
                0x00002e76                MCAL_Timers_TMR1Stop
 .text.MCAL_Timers_TMR1ForceCompareMatch
                0x00002e9a       0x7c ./MCAL/Timers/Timer_Prog.o
                0x00002e9a                MCAL_Timers_TMR1ForceCompareMatch
 .text.MCAL_Timers_TMR1OverflowInterruptStatus
                0x00002f16       0x36 ./MCAL/Timers/Timer_Prog.o
                0x00002f16                MCAL_Timers_TMR1OverflowInterruptStatus
 .text.MCAL_Timers_TMR1ReadOverflowInterruptFlag
                0x00002f4c       0x36 ./MCAL/Timers/Timer_Prog.o
                0x00002f4c                MCAL_Timers_TMR1ReadOverflowInterruptFlag
 .text.MCAL_Timers_TMR1ClearOverflowInterruptFlag
                0x00002f82       0x24 ./MCAL/Timers/Timer_Prog.o
                0x00002f82                MCAL_Timers_TMR1ClearOverflowInterruptFlag
 .text.MCAL_Timers_TMR1CompareMatchInterruptStatus
                0x00002fa6       0xac ./MCAL/Timers/Timer_Prog.o
                0x00002fa6                MCAL_Timers_TMR1CompareMatchInterruptStatus
 .text.MCAL_Timers_TMR1ReadCompareMatchInterruptFlag
                0x00003052       0x9e ./MCAL/Timers/Timer_Prog.o
                0x00003052                MCAL_Timers_TMR1ReadCompareMatchInterruptFlag
 .text.MCAL_Timers_TMR1ClearCompareMatchInterruptFlag
                0x000030f0       0x78 ./MCAL/Timers/Timer_Prog.o
                0x000030f0                MCAL_Timers_TMR1ClearCompareMatchInterruptFlag
 .text.MCAL_Timers_TMR1OverlowSetCallBack
                0x00003168       0x30 ./MCAL/Timers/Timer_Prog.o
                0x00003168                MCAL_Timers_TMR1OverlowSetCallBack
 .text.MCAL_Timers_TMR1CompareMatchChannel_A_SetCallBack
                0x00003198       0x30 ./MCAL/Timers/Timer_Prog.o
                0x00003198                MCAL_Timers_TMR1CompareMatchChannel_A_SetCallBack
 .text.MCAL_Timers_TMR1CompareMatchChannel_B_SetCallBack
                0x000031c8       0x30 ./MCAL/Timers/Timer_Prog.o
                0x000031c8                MCAL_Timers_TMR1CompareMatchChannel_B_SetCallBack
 .text.MCAL_Timers_TMR1CompareMatchChannel_IC_SetCallBack
                0x000031f8       0x30 ./MCAL/Timers/Timer_Prog.o
                0x000031f8                MCAL_Timers_TMR1CompareMatchChannel_IC_SetCallBack
 .text.MCAL_Timers_TMR1Delay_ms
                0x00003228      0x1f8 ./MCAL/Timers/Timer_Prog.o
                0x00003228                MCAL_Timers_TMR1Delay_ms
 .text.MCAL_Timers_TMR1Timer_ms
                0x00003420      0x1dc ./MCAL/Timers/Timer_Prog.o
                0x00003420                MCAL_Timers_TMR1Timer_ms
 .text.__vector_9
                0x000035fc       0xa2 ./MCAL/Timers/Timer_Prog.o
                0x000035fc                __vector_9
 .text.__vector_7
                0x0000369e       0x5a ./MCAL/Timers/Timer_Prog.o
                0x0000369e                __vector_7
 .text.__vector_8
                0x000036f8       0x5a ./MCAL/Timers/Timer_Prog.o
                0x000036f8                __vector_8
 .text.__vector_6
                0x00003752       0x5a ./MCAL/Timers/Timer_Prog.o
                0x00003752                __vector_6
 .text.MCAL_SPI_SPIInit
                0x000037ac       0xc8 ./MCAL/SPI/SPI_Prog.o
                0x000037ac                MCAL_SPI_SPIInit
 .text.MCAL_SPI_SPISelectMode
                0x00003874      0x110 ./MCAL/SPI/SPI_Prog.o
                0x00003874                MCAL_SPI_SPISelectMode
 .text.MCAL_SPI_CreateSlaveToMaster
                0x00003984       0x40 ./MCAL/SPI/SPI_Prog.o
                0x00003984                MCAL_SPI_CreateSlaveToMaster
 .text.MCAL_SPI_MasterActivesSlave
                0x000039c4       0x2e ./MCAL/SPI/SPI_Prog.o
                0x000039c4                MCAL_SPI_MasterActivesSlave
 .text.MCAL_SPI_MasterDeactivesSlave
                0x000039f2       0x2e ./MCAL/SPI/SPI_Prog.o
                0x000039f2                MCAL_SPI_MasterDeactivesSlave
 .text.MCAL_SPI_Mastersend
                0x00003a20       0x22 ./MCAL/SPI/SPI_Prog.o
                0x00003a20                MCAL_SPI_Mastersend
 .text.MCAL_SPI_SlavePrepareDataToBeSendToMaster
                0x00003a42       0x22 ./MCAL/SPI/SPI_Prog.o
                0x00003a42                MCAL_SPI_SlavePrepareDataToBeSendToMaster
 .text.MCAL_SPI_ReadReceivedData
                0x00003a64       0x2a ./MCAL/SPI/SPI_Prog.o
                0x00003a64                MCAL_SPI_ReadReceivedData
 .text.MCAL_SPI_SPIWriteData
                0x00003a8e       0x26 ./MCAL/SPI/SPI_Prog.o
 .text.MCAL_SPI_SPIReadData
                0x00003ab4       0x30 ./MCAL/SPI/SPI_Prog.o
 .text.MCAL_SPI_GetWriteCollisionFlag
                0x00003ae4       0x3a ./MCAL/SPI/SPI_Prog.o
                0x00003ae4                MCAL_SPI_GetWriteCollisionFlag
 .text.MCAL_SPI_DoubleSPISpeedStatus
                0x00003b1e       0x32 ./MCAL/SPI/SPI_Prog.o
                0x00003b1e                MCAL_SPI_DoubleSPISpeedStatus
 .text.MCAL_SPI_SPIInterruptStatus
                0x00003b50       0x36 ./MCAL/SPI/SPI_Prog.o
                0x00003b50                MCAL_SPI_SPIInterruptStatus
 .text.MCAL_SPI_ClearSPIInterruptFlag
                0x00003b86       0x24 ./MCAL/SPI/SPI_Prog.o
                0x00003b86                MCAL_SPI_ClearSPIInterruptFlag
 .text.MCAL_SPI_SetCallBack
                0x00003baa       0x2c ./MCAL/SPI/SPI_Prog.o
                0x00003baa                MCAL_SPI_SetCallBack
 .text.ISR      0x00003bd6       0x2c ./MCAL/SPI/SPI_Prog.o
                0x00003bd6                ISR
 .text.MCAL_GlobalINTStatusWrite
                0x00003c02       0x68 ./MCAL/GIE/GIE_Prog.o
                0x00003c02                MCAL_GlobalINTStatusWrite
 .text.MCAL_GlobalINTStatusRead
                0x00003c6a       0x36 ./MCAL/GIE/GIE_Prog.o
                0x00003c6a                MCAL_GlobalINTStatusRead
 .text.MCAL_EXT_Interrupt_EXTIntStatus
                0x00003ca0      0x142 ./MCAL/EXT_Interrupt/EXT_Interrupt_Prog.o
                0x00003ca0                MCAL_EXT_Interrupt_EXTIntStatus
 .text.MCAL_EXT_Interrupt_ReadEXTIntFlag
                0x00003de2       0x54 ./MCAL/EXT_Interrupt/EXT_Interrupt_Prog.o
                0x00003de2                MCAL_EXT_Interrupt_ReadEXTIntFlag
 .text.MCAL_EXT_Interrupt_ClearEXTIntFlag
                0x00003e36       0x4a ./MCAL/EXT_Interrupt/EXT_Interrupt_Prog.o
                0x00003e36                MCAL_EXT_Interrupt_ClearEXTIntFlag
 .text.MCAL_EXT_Interrupt_SetEXTINT0CallBack
                0x00003e80       0x30 ./MCAL/EXT_Interrupt/EXT_Interrupt_Prog.o
                0x00003e80                MCAL_EXT_Interrupt_SetEXTINT0CallBack
 .text.MCAL_EXT_Interrupt_SetEXTINT1CallBack
                0x00003eb0       0x30 ./MCAL/EXT_Interrupt/EXT_Interrupt_Prog.o
                0x00003eb0                MCAL_EXT_Interrupt_SetEXTINT1CallBack
 .text.MCAL_EXT_Interrupt_SetEXTINT2CallBack
                0x00003ee0       0x30 ./MCAL/EXT_Interrupt/EXT_Interrupt_Prog.o
                0x00003ee0                MCAL_EXT_Interrupt_SetEXTINT2CallBack
 .text.__vector_1
                0x00003f10       0x5a ./MCAL/EXT_Interrupt/EXT_Interrupt_Prog.o
                0x00003f10                __vector_1
 .text.__vector_2
                0x00003f6a       0x5a ./MCAL/EXT_Interrupt/EXT_Interrupt_Prog.o
                0x00003f6a                __vector_2
 .text.__vector_3
                0x00003fc4       0x5a ./MCAL/EXT_Interrupt/EXT_Interrupt_Prog.o
                0x00003fc4                __vector_3
 .text.MCAL_DIO_SetPinDirection
                0x0000401e      0x5d4 ./MCAL/DIO/DIO_Prog.o
                0x0000401e                MCAL_DIO_SetPinDirection
 .text.MCAL_DIO_GetPinDirection
                0x000045f2      0x1c6 ./MCAL/DIO/DIO_Prog.o
                0x000045f2                MCAL_DIO_GetPinDirection
 .text.MCAL_DIO_SetPinValue
                0x000047b8      0x392 ./MCAL/DIO/DIO_Prog.o
                0x000047b8                MCAL_DIO_SetPinValue
 .text.MCAL_DIO_ReadPinValue
                0x00004b4a      0x1d2 ./MCAL/DIO/DIO_Prog.o
                0x00004b4a                MCAL_DIO_ReadPinValue
 .text.MCAL_DIO_TogglePinValue
                0x00004d1c      0x200 ./MCAL/DIO/DIO_Prog.o
                0x00004d1c                MCAL_DIO_TogglePinValue
 .text.MCAL_DIO_InitializePinOutput
                0x00004f1c       0x58 ./MCAL/DIO/DIO_Prog.o
                0x00004f1c                MCAL_DIO_InitializePinOutput
 .text.MCAL_DIO_SetPortDirection
                0x00004f74       0xca ./MCAL/DIO/DIO_Prog.o
                0x00004f74                MCAL_DIO_SetPortDirection
 .text.MCAL_DIO_GetPortDirection
                0x0000503e       0xd6 ./MCAL/DIO/DIO_Prog.o
                0x0000503e                MCAL_DIO_GetPortDirection
 .text.MCAL_DIO_SetPortValue
                0x00005114       0xde ./MCAL/DIO/DIO_Prog.o
                0x00005114                MCAL_DIO_SetPortValue
 .text.MCAL_DIO_ReadPortValue
                0x000051f2       0xd6 ./MCAL/DIO/DIO_Prog.o
                0x000051f2                MCAL_DIO_ReadPortValue
 .text.MCAL_DIO_TogglePortValue
                0x000052c8      0x10a ./MCAL/DIO/DIO_Prog.o
                0x000052c8                MCAL_DIO_TogglePortValue
 .text.MCAL_ADC_ADCInitStatus
                0x000053d2       0x6e ./MCAL/ADC/ADC_Prog.o
                0x000053d2                MCAL_ADC_ADCInitStatus
 .text.MCAL_ADC_ADCChannelSelect
                0x00005440       0x60 ./MCAL/ADC/ADC_Prog.o
                0x00005440                MCAL_ADC_ADCChannelSelect
 .text.MCAL_ADC_ADCResultAdjust
                0x000054a0       0x48 ./MCAL/ADC/ADC_Prog.o
                0x000054a0                MCAL_ADC_ADCResultAdjust
 .text.MCAL_ADC_ADCReferenceSelect
                0x000054e8       0x42 ./MCAL/ADC/ADC_Prog.o
                0x000054e8                MCAL_ADC_ADCReferenceSelect
 .text.MCAL_ADC_ADCFirstConversionStart
                0x0000552a       0x24 ./MCAL/ADC/ADC_Prog.o
                0x0000552a                MCAL_ADC_ADCFirstConversionStart
 .text.MCAL_ADC_ADCTriggerMode
                0x0000554e       0x62 ./MCAL/ADC/ADC_Prog.o
                0x0000554e                MCAL_ADC_ADCTriggerMode
 .text.MCAL_ADC_ADCPrescalarSelect
                0x000055b0       0x32 ./MCAL/ADC/ADC_Prog.o
                0x000055b0                MCAL_ADC_ADCPrescalarSelect
 .text.MCAL_ADC_ADCReadResult
                0x000055e2       0xd6 ./MCAL/ADC/ADC_Prog.o
                0x000055e2                MCAL_ADC_ADCReadResult
 .text.MCAL_ADC_ADCInterruptStatus
                0x000056b8       0x48 ./MCAL/ADC/ADC_Prog.o
                0x000056b8                MCAL_ADC_ADCInterruptStatus
 .text.MCAL_ADC_ADCINTFlagRead
                0x00005700       0x36 ./MCAL/ADC/ADC_Prog.o
                0x00005700                MCAL_ADC_ADCINTFlagRead
 .text.MCAL_ADC_ADCINTFlagClear
                0x00005736       0x24 ./MCAL/ADC/ADC_Prog.o
                0x00005736                MCAL_ADC_ADCINTFlagClear
 .text.MCAL_ADC_ADCSetCallBack
                0x0000575a       0x30 ./MCAL/ADC/ADC_Prog.o
                0x0000575a                MCAL_ADC_ADCSetCallBack
 .text.MCAL_ADC_ADCOBJUpdate
                0x0000578a       0x74 ./MCAL/ADC/ADC_Prog.o
                0x0000578a                MCAL_ADC_ADCOBJUpdate
 .text.__vector_16
                0x000057fe       0x5a ./MCAL/ADC/ADC_Prog.o
                0x000057fe                __vector_16
 .text.HAL_SSD_SSDInit
                0x00005858       0x88 ./HAL/SSD/SSD_Prog.o
                0x00005858                HAL_SSD_SSDInit
 .text.HAL_SSD_SSDDisplay
                0x000058e0      0x1e0 ./HAL/SSD/SSD_Prog.o
                0x000058e0                HAL_SSD_SSDDisplay
 .text.HAL_SSD_SSDDisplayNumWithSoftwareDecoder
                0x00005ac0       0x96 ./HAL/SSD/SSD_Prog.o
                0x00005ac0                HAL_SSD_SSDDisplayNumWithSoftwareDecoder
 .text.HAL_SSD_SSDArrayDisplay
                0x00005b56      0x2b6 ./HAL/SSD/SSD_Prog.o
                0x00005b56                HAL_SSD_SSDArrayDisplay
 .text.HAL_Push_Button_BtnConfig
                0x00005e0c       0xc2 ./HAL/Push_Button/Push_Button_Prog.o
                0x00005e0c                HAL_Push_Button_BtnConfig
 .text.HAL_Push_Button_ReadBtn
                0x00005ece      0x31e ./HAL/Push_Button/Push_Button_Prog.o
                0x00005ece                HAL_Push_Button_ReadBtn
 .text.HAL_POT_POTInit
                0x000061ec       0x84 ./HAL/POT/POT_Prog.o
                0x000061ec                HAL_POT_POTInit
 .text.HAL_POT_POTRead
                0x00006270       0x4e ./HAL/POT/POT_Prog.o
                0x00006270                HAL_POT_POTRead
 .text.HAL_LED_LEDConfig
                0x000062be       0xca ./HAL/LED/LED_Prog.o
                0x000062be                HAL_LED_LEDConfig
 .text.HAL_LED_LEDOn
                0x00006388       0xd0 ./HAL/LED/LED_Prog.o
                0x00006388                HAL_LED_LEDOn
 .text.HAL_LED_LEDOff
                0x00006458       0xcc ./HAL/LED/LED_Prog.o
                0x00006458                HAL_LED_LEDOff
 .text.HAL_LED_LEDToggle
                0x00006524       0xae ./HAL/LED/LED_Prog.o
                0x00006524                HAL_LED_LEDToggle
 .text.HAL_LED_LEDBlink
                0x000065d2      0x280 ./HAL/LED/LED_Prog.o
                0x000065d2                HAL_LED_LEDBlink
 .text.HAL_LED_LEDArrayConfig
                0x00006852       0xb6 ./HAL/LED/LED_Prog.o
                0x00006852                HAL_LED_LEDArrayConfig
 .text.HAL_LED_LEDArrayPatternOn
                0x00006908      0x10e ./HAL/LED/LED_Prog.o
                0x00006908                HAL_LED_LEDArrayPatternOn
 .text.HAL_LED_LEDArrayPatternOff
                0x00006a16       0xd2 ./HAL/LED/LED_Prog.o
                0x00006a16                HAL_LED_LEDArrayPatternOff
 .text.HAL_LED_LEDArrayPatternBlink
                0x00006ae8      0x21c ./HAL/LED/LED_Prog.o
                0x00006ae8                HAL_LED_LEDArrayPatternBlink
 .text.HAL_CLCD_Init
                0x00006d04      0x2a2 ./HAL/LCD/LCD_Prog.o
                0x00006d04                HAL_CLCD_Init
 .text.HAL_CLCD_Clear
                0x00006fa6       0x46 ./HAL/LCD/LCD_Prog.o
                0x00006fa6                HAL_CLCD_Clear
 .text.HAL_CLCD_CursorHome
                0x00006fec       0x46 ./HAL/LCD/LCD_Prog.o
                0x00006fec                HAL_CLCD_CursorHome
 .text.HAL_CLCD_SetCursorPosition
                0x00007032       0x6a ./HAL/LCD/LCD_Prog.o
                0x00007032                HAL_CLCD_SetCursorPosition
 .text.HAL_CLCD_DisplayCharacter
                0x0000709c       0x64 ./HAL/LCD/LCD_Prog.o
                0x0000709c                HAL_CLCD_DisplayCharacter
 .text.HAL_CLCD_DisplayDecimalIntegerNumber
                0x00007100       0x8a ./HAL/LCD/LCD_Prog.o
                0x00007100                HAL_CLCD_DisplayDecimalIntegerNumber
 .text.HAL_CLCD_DisplayString
                0x0000718a       0x50 ./HAL/LCD/LCD_Prog.o
                0x0000718a                HAL_CLCD_DisplayString
 .text.HAL_CLCD_CreateCommand
                0x000071da      0x1d4 ./HAL/LCD/LCD_Prog.o
                0x000071da                HAL_CLCD_CreateCommand
 .text.HAL_CLCD_SendCommand
                0x000073ae      0x4c6 ./HAL/LCD/LCD_Prog.o
                0x000073ae                HAL_CLCD_SendCommand
 .text.HAL_CLCD_ConfigureDataBusDirection
                0x00007874      0x152 ./HAL/LCD/LCD_Prog.o
                0x00007874                HAL_CLCD_ConfigureDataBusDirection
 .text.HAL_CLCD_ReadDataBus
                0x000079c6      0x66e ./HAL/LCD/LCD_Prog.o
                0x000079c6                HAL_CLCD_ReadDataBus
 .text.HAL_KeyPad_KeyPadInit
                0x00008034       0xda ./HAL/KeyPad/KeyPad_Prog.o
                0x00008034                HAL_KeyPad_KeyPadInit
 .text.HAL_KeyPad_KeyPadReadCharacter
                0x0000810e      0x1fe ./HAL/KeyPad/KeyPad_Prog.o
                0x0000810e                HAL_KeyPad_KeyPadReadCharacter
 .text.HAL_KeyPad_KeyPadReadNumber
                0x0000830c      0x200 ./HAL/KeyPad/KeyPad_Prog.o
                0x0000830c                HAL_KeyPad_KeyPadReadNumber
 .text.HAL_Buzzer_BuzzerInit
                0x0000850c       0x64 ./HAL/Buzzer/Buzzer_Prog.o
                0x0000850c                HAL_Buzzer_BuzzerInit
 .text.HAL_Buzzer_BuzzerOn
                0x00008570       0x66 ./HAL/Buzzer/Buzzer_Prog.o
                0x00008570                HAL_Buzzer_BuzzerOn
 .text.HAL_Buzzer_BuzzerOff
                0x000085d6       0x66 ./HAL/Buzzer/Buzzer_Prog.o
                0x000085d6                HAL_Buzzer_BuzzerOff
 .text.APP_EXTINT0_ISR
                0x0000863c        0xe ./APP/ISRs/ISRs.o
                0x0000863c                APP_EXTINT0_ISR
 .text.APP_EXTINT1_ISR
                0x0000864a        0xe ./APP/ISRs/ISRs.o
                0x0000864a                APP_EXTINT1_ISR
 .text.APP_EXTINT2_ISR
                0x00008658        0xe ./APP/ISRs/ISRs.o
                0x00008658                APP_EXTINT2_ISR
 .text.APP_ADCINT_ISR
                0x00008666        0xe ./APP/ISRs/ISRs.o
                0x00008666                APP_ADCINT_ISR
 .text.APP_USARTRxComplete_ISR
                0x00008674       0x20 ./APP/ISRs/ISRs.o
                0x00008674                APP_USARTRxComplete_ISR
 .text.APP_USARTTxComplete_ISR
                0x00008694        0xe ./APP/ISRs/ISRs.o
                0x00008694                APP_USARTTxComplete_ISR
 .text.APP_USARTTxBuffEmpty_ISR
                0x000086a2        0xe ./APP/ISRs/ISRs.o
                0x000086a2                APP_USARTTxBuffEmpty_ISR
 .text.APP_TMR0Overflow_ISR
                0x000086b0        0xe ./APP/ISRs/ISRs.o
                0x000086b0                APP_TMR0Overflow_ISR
 .text.APP_TMR0CompareMatch_ISR
                0x000086be        0xe ./APP/ISRs/ISRs.o
                0x000086be                APP_TMR0CompareMatch_ISR
 .text.APP_TMR1Overflow_ISR
                0x000086cc        0xe ./APP/ISRs/ISRs.o
                0x000086cc                APP_TMR1Overflow_ISR
 .text.APP_TMR1CompareMatchChannel_A_ISR
                0x000086da        0xe ./APP/ISRs/ISRs.o
                0x000086da                APP_TMR1CompareMatchChannel_A_ISR
 .text.APP_TMR1CompareMatchChannel_B_ISR
                0x000086e8        0xe ./APP/ISRs/ISRs.o
                0x000086e8                APP_TMR1CompareMatchChannel_B_ISR
 .text.APP_TMR1CompareMatchChannel_IC_ISR
                0x000086f6        0xe ./APP/ISRs/ISRs.o
                0x000086f6                APP_TMR1CompareMatchChannel_IC_ISR
 .text.APP_SPI_EOT_SOR_ISR
                0x00008704        0xe ./APP/ISRs/ISRs.o
                0x00008704                APP_SPI_EOT_SOR_ISR
 .text.APP_APPInit
                0x00008712       0x42 ./APP/APP_Init.o
                0x00008712                APP_APPInit
 .text.main     0x00008754       0x1c ./APP/main.o
                0x00008754                main
 .text.libgcc   0x00008770       0x3e p:/sdk/sdk_win_64/sdk_win_64/winavr/bin/../lib/gcc/avr/4.3.3/avr5\libgcc.a(_mulsi3.o)
                0x00008770                __mulsi3
 .text.libgcc   0x000087ae       0x18 p:/sdk/sdk_win_64/sdk_win_64/winavr/bin/../lib/gcc/avr/4.3.3/avr5\libgcc.a(_udivmodqi4.o)
                0x000087ae                __udivmodqi4
 .text.libgcc   0x000087c6       0x28 p:/sdk/sdk_win_64/sdk_win_64/winavr/bin/../lib/gcc/avr/4.3.3/avr5\libgcc.a(_udivmodhi4.o)
                0x000087c6                __udivmodhi4
 .text.libgcc   0x000087ee       0x26 p:/sdk/sdk_win_64/sdk_win_64/winavr/bin/../lib/gcc/avr/4.3.3/avr5\libgcc.a(_divmodhi4.o)
                0x000087ee                __divmodhi4
                0x000087ee                _div
 .text.libgcc   0x00008814       0x36 p:/sdk/sdk_win_64/sdk_win_64/winavr/bin/../lib/gcc/avr/4.3.3/avr5\libgcc.a(_divmodsi4.o)
                0x00008814                __divmodsi4
 .text.libgcc   0x0000884a        0x0 p:/sdk/sdk_win_64/sdk_win_64/winavr/bin/../lib/gcc/avr/4.3.3/avr5\libgcc.a(_exit.o)
 .text.libgcc   0x0000884a        0x0 p:/sdk/sdk_win_64/sdk_win_64/winavr/bin/../lib/gcc/avr/4.3.3/avr5\libgcc.a(_copy_data.o)
 .text.libgcc   0x0000884a        0x0 p:/sdk/sdk_win_64/sdk_win_64/winavr/bin/../lib/gcc/avr/4.3.3/avr5\libgcc.a(_clear_bss.o)
 .text.libgcc   0x0000884a       0x44 p:/sdk/sdk_win_64/sdk_win_64/winavr/bin/../lib/gcc/avr/4.3.3/avr5\libgcc.a(_udivmodsi4.o)
                0x0000884a                __udivmodsi4
 .text.libgcc   0x0000888e       0x38 p:/sdk/sdk_win_64/sdk_win_64/winavr/bin/../lib/gcc/avr/4.3.3/avr5\libgcc.a(_prologue.o)
                0x0000888e                __prologue_saves__
 .text.libgcc   0x000088c6       0x36 p:/sdk/sdk_win_64/sdk_win_64/winavr/bin/../lib/gcc/avr/4.3.3/avr5\libgcc.a(_epilogue.o)
                0x000088c6                __epilogue_restores__
                0x000088fc                . = ALIGN (0x2)
 *(.fini9)
 .fini9         0x000088fc        0x0 p:/sdk/sdk_win_64/sdk_win_64/winavr/bin/../lib/gcc/avr/4.3.3/avr5\libgcc.a(_exit.o)
                0x000088fc                exit
                0x000088fc                _exit
 *(.fini9)
 *(.fini8)
 *(.fini8)
 *(.fini7)
 *(.fini7)
 *(.fini6)
 *(.fini6)
 *(.fini5)
 *(.fini5)
 *(.fini4)
 *(.fini4)
 *(.fini3)
 *(.fini3)
 *(.fini2)
 *(.fini2)
 *(.fini1)
 *(.fini1)
 *(.fini0)
 .fini0         0x000088fc        0x4 p:/sdk/sdk_win_64/sdk_win_64/winavr/bin/../lib/gcc/avr/4.3.3/avr5\libgcc.a(_exit.o)
 *(.fini0)
                0x00008900                _etext = .

.data           0x00800060      0x16a load address 0x00008900
                0x00800060                PROVIDE (__data_start, .)
 *(.data)
 .data          0x00800060        0x0 p:/sdk/sdk_win_64/sdk_win_64/winavr/bin/../lib/gcc/avr/4.3.3/../../../../avr/lib/avr5/crtm32.o
 .data          0x00800060        0x0 ./MCAL/WDT/WDT_Prog.o
 .data          0x00800060        0x0 ./MCAL/UART/UART_Prog.o
 .data          0x00800060        0x0 ./MCAL/Timers/Timer_Prog.o
 .data          0x00800060        0x0 ./MCAL/SPI/SPI_Prog.o
 .data          0x00800060        0x0 ./MCAL/GIE/GIE_Prog.o
 .data          0x00800060        0x0 ./MCAL/EXT_Interrupt/EXT_Interrupt_Prog.o
 .data          0x00800060        0x0 ./MCAL/DIO/DIO_Prog.o
 .data          0x00800060        0x0 ./MCAL/ADC/ADC_Prog.o
 .data          0x00800060        0x0 ./HAL/SSD/SSD_Prog.o
 .data          0x00800060        0x0 ./HAL/Push_Button/Push_Button_Prog.o
 .data          0x00800060        0x0 ./HAL/POT/POT_Prog.o
 .data          0x00800060        0x0 ./HAL/LED/LED_Prog.o
 .data          0x00800060        0x0 ./HAL/LCD/LCD_Prog.o
 .data          0x00800060        0x0 ./HAL/KeyPad/KeyPad_Prog.o
 .data          0x00800060        0x0 ./HAL/Buzzer/Buzzer_Prog.o
 .data          0x00800060        0x0 ./APP/ISRs/ISRs.o
 .data          0x00800060        0x0 ./APP/APP_Init.o
 .data          0x00800060        0x0 ./APP/main.o
 .data          0x00800060        0x0 p:/sdk/sdk_win_64/sdk_win_64/winavr/bin/../lib/gcc/avr/4.3.3/avr5\libgcc.a(_mulsi3.o)
 .data          0x00800060        0x0 p:/sdk/sdk_win_64/sdk_win_64/winavr/bin/../lib/gcc/avr/4.3.3/avr5\libgcc.a(_udivmodqi4.o)
 .data          0x00800060        0x0 p:/sdk/sdk_win_64/sdk_win_64/winavr/bin/../lib/gcc/avr/4.3.3/avr5\libgcc.a(_udivmodhi4.o)
 .data          0x00800060        0x0 p:/sdk/sdk_win_64/sdk_win_64/winavr/bin/../lib/gcc/avr/4.3.3/avr5\libgcc.a(_divmodhi4.o)
 .data          0x00800060        0x0 p:/sdk/sdk_win_64/sdk_win_64/winavr/bin/../lib/gcc/avr/4.3.3/avr5\libgcc.a(_divmodsi4.o)
 .data          0x00800060        0x0 p:/sdk/sdk_win_64/sdk_win_64/winavr/bin/../lib/gcc/avr/4.3.3/avr5\libgcc.a(_exit.o)
 .data          0x00800060        0x0 p:/sdk/sdk_win_64/sdk_win_64/winavr/bin/../lib/gcc/avr/4.3.3/avr5\libgcc.a(_copy_data.o)
 .data          0x00800060        0x0 p:/sdk/sdk_win_64/sdk_win_64/winavr/bin/../lib/gcc/avr/4.3.3/avr5\libgcc.a(_clear_bss.o)
 .data          0x00800060        0x0 p:/sdk/sdk_win_64/sdk_win_64/winavr/bin/../lib/gcc/avr/4.3.3/avr5\libgcc.a(_fixunssfsi.o)
 .data          0x00800060        0x0 p:/sdk/sdk_win_64/sdk_win_64/winavr/bin/../lib/gcc/avr/4.3.3/avr5\libgcc.a(_addsub_sf.o)
 .data          0x00800060        0x0 p:/sdk/sdk_win_64/sdk_win_64/winavr/bin/../lib/gcc/avr/4.3.3/avr5\libgcc.a(_mul_sf.o)
 .data          0x00800060        0x0 p:/sdk/sdk_win_64/sdk_win_64/winavr/bin/../lib/gcc/avr/4.3.3/avr5\libgcc.a(_div_sf.o)
 .data          0x00800060        0x0 p:/sdk/sdk_win_64/sdk_win_64/winavr/bin/../lib/gcc/avr/4.3.3/avr5\libgcc.a(_gt_sf.o)
 .data          0x00800060        0x0 p:/sdk/sdk_win_64/sdk_win_64/winavr/bin/../lib/gcc/avr/4.3.3/avr5\libgcc.a(_ge_sf.o)
 .data          0x00800060        0x0 p:/sdk/sdk_win_64/sdk_win_64/winavr/bin/../lib/gcc/avr/4.3.3/avr5\libgcc.a(_lt_sf.o)
 .data          0x00800060        0x0 p:/sdk/sdk_win_64/sdk_win_64/winavr/bin/../lib/gcc/avr/4.3.3/avr5\libgcc.a(_sf_to_si.o)
 .data          0x00800060        0x8 p:/sdk/sdk_win_64/sdk_win_64/winavr/bin/../lib/gcc/avr/4.3.3/avr5\libgcc.a(_thenan_sf.o)
                0x00800060                __thenan_sf
 .data          0x00800068        0x0 p:/sdk/sdk_win_64/sdk_win_64/winavr/bin/../lib/gcc/avr/4.3.3/avr5\libgcc.a(_usi_to_sf.o)
 .data          0x00800068        0x0 p:/sdk/sdk_win_64/sdk_win_64/winavr/bin/../lib/gcc/avr/4.3.3/avr5\libgcc.a(_udivmodsi4.o)
 .data          0x00800068        0x0 p:/sdk/sdk_win_64/sdk_win_64/winavr/bin/../lib/gcc/avr/4.3.3/avr5\libgcc.a(_prologue.o)
 .data          0x00800068        0x0 p:/sdk/sdk_win_64/sdk_win_64/winavr/bin/../lib/gcc/avr/4.3.3/avr5\libgcc.a(_epilogue.o)
 .data          0x00800068        0x0 p:/sdk/sdk_win_64/sdk_win_64/winavr/bin/../lib/gcc/avr/4.3.3/avr5\libgcc.a(_clzsi2.o)
 .data          0x00800068        0x0 p:/sdk/sdk_win_64/sdk_win_64/winavr/bin/../lib/gcc/avr/4.3.3/avr5\libgcc.a(_pack_sf.o)
 .data          0x00800068        0x0 p:/sdk/sdk_win_64/sdk_win_64/winavr/bin/../lib/gcc/avr/4.3.3/avr5\libgcc.a(_unpack_sf.o)
 .data          0x00800068        0x0 p:/sdk/sdk_win_64/sdk_win_64/winavr/bin/../lib/gcc/avr/4.3.3/avr5\libgcc.a(_fpcmp_parts_sf.o)
 .data          0x00800068      0x100 p:/sdk/sdk_win_64/sdk_win_64/winavr/bin/../lib/gcc/avr/4.3.3/avr5\libgcc.a(_clz.o)
                0x00800068                __clz_tab
 *(.data*)
 .data.key      0x00800168        0x8 ./APP/APP_Init.o
                0x00800168                key
 .data.led0     0x00800170        0x1 ./APP/APP_Init.o
                0x00800170                led0
 .data.led1     0x00800171        0x1 ./APP/APP_Init.o
                0x00800171                led1
 .data.led2     0x00800172        0x1 ./APP/APP_Init.o
                0x00800172                led2
 .data.Btn      0x00800173        0x1 ./APP/APP_Init.o
                0x00800173                Btn
 .data.SSD_an   0x00800174        0xb ./APP/main.o
                0x00800174                SSD_an
 .data.SSD_Cath
                0x0080017f        0xb ./APP/main.o
                0x0080017f                SSD_Cath
 *(.rodata)
 *(.rodata*)
 .rodata.C.0.1632
                0x0080018a       0x10 ./HAL/SSD/SSD_Prog.o
 .rodata.Local_KeyPadLayout
                0x0080019a       0x10 ./HAL/KeyPad/KeyPad_Prog.o
 .rodata.Local_KeyPadLayout
                0x008001aa       0x10 ./APP/APP_Init.o
 .rodata.Local_KeyPadLayout
                0x008001ba       0x10 ./APP/main.o
 *(.gnu.linkonce.d*)
                0x008001ca                . = ALIGN (0x2)
                0x008001ca                _edata = .
                0x008001ca                PROVIDE (__data_end, .)

.bss            0x008001ca       0x39
                0x008001ca                PROVIDE (__bss_start, .)
 *(.bss)
 .bss           0x008001ca        0x0 p:/sdk/sdk_win_64/sdk_win_64/winavr/bin/../lib/gcc/avr/4.3.3/../../../../avr/lib/avr5/crtm32.o
 .bss           0x008001ca        0x0 ./MCAL/WDT/WDT_Prog.o
 .bss           0x008001ca        0x0 ./MCAL/UART/UART_Prog.o
 .bss           0x008001ca        0x0 ./MCAL/Timers/Timer_Prog.o
 .bss           0x008001ca        0x0 ./MCAL/SPI/SPI_Prog.o
 .bss           0x008001ca        0x0 ./MCAL/GIE/GIE_Prog.o
 .bss           0x008001ca        0x0 ./MCAL/EXT_Interrupt/EXT_Interrupt_Prog.o
 .bss           0x008001ca        0x0 ./MCAL/DIO/DIO_Prog.o
 .bss           0x008001ca        0x0 ./MCAL/ADC/ADC_Prog.o
 .bss           0x008001ca        0x0 ./HAL/SSD/SSD_Prog.o
 .bss           0x008001ca        0x0 ./HAL/Push_Button/Push_Button_Prog.o
 .bss           0x008001ca        0x0 ./HAL/POT/POT_Prog.o
 .bss           0x008001ca        0x0 ./HAL/LED/LED_Prog.o
 .bss           0x008001ca        0x0 ./HAL/LCD/LCD_Prog.o
 .bss           0x008001ca        0x0 ./HAL/KeyPad/KeyPad_Prog.o
 .bss           0x008001ca        0x0 ./HAL/Buzzer/Buzzer_Prog.o
 .bss           0x008001ca        0x0 ./APP/ISRs/ISRs.o
 .bss           0x008001ca        0x0 ./APP/APP_Init.o
 .bss           0x008001ca        0x0 ./APP/main.o
 .bss           0x008001ca        0x0 p:/sdk/sdk_win_64/sdk_win_64/winavr/bin/../lib/gcc/avr/4.3.3/avr5\libgcc.a(_mulsi3.o)
 .bss           0x008001ca        0x0 p:/sdk/sdk_win_64/sdk_win_64/winavr/bin/../lib/gcc/avr/4.3.3/avr5\libgcc.a(_udivmodqi4.o)
 .bss           0x008001ca        0x0 p:/sdk/sdk_win_64/sdk_win_64/winavr/bin/../lib/gcc/avr/4.3.3/avr5\libgcc.a(_udivmodhi4.o)
 .bss           0x008001ca        0x0 p:/sdk/sdk_win_64/sdk_win_64/winavr/bin/../lib/gcc/avr/4.3.3/avr5\libgcc.a(_divmodhi4.o)
 .bss           0x008001ca        0x0 p:/sdk/sdk_win_64/sdk_win_64/winavr/bin/../lib/gcc/avr/4.3.3/avr5\libgcc.a(_divmodsi4.o)
 .bss           0x008001ca        0x0 p:/sdk/sdk_win_64/sdk_win_64/winavr/bin/../lib/gcc/avr/4.3.3/avr5\libgcc.a(_exit.o)
 .bss           0x008001ca        0x0 p:/sdk/sdk_win_64/sdk_win_64/winavr/bin/../lib/gcc/avr/4.3.3/avr5\libgcc.a(_copy_data.o)
 .bss           0x008001ca        0x0 p:/sdk/sdk_win_64/sdk_win_64/winavr/bin/../lib/gcc/avr/4.3.3/avr5\libgcc.a(_clear_bss.o)
 .bss           0x008001ca        0x0 p:/sdk/sdk_win_64/sdk_win_64/winavr/bin/../lib/gcc/avr/4.3.3/avr5\libgcc.a(_fixunssfsi.o)
 .bss           0x008001ca        0x0 p:/sdk/sdk_win_64/sdk_win_64/winavr/bin/../lib/gcc/avr/4.3.3/avr5\libgcc.a(_addsub_sf.o)
 .bss           0x008001ca        0x0 p:/sdk/sdk_win_64/sdk_win_64/winavr/bin/../lib/gcc/avr/4.3.3/avr5\libgcc.a(_mul_sf.o)
 .bss           0x008001ca        0x0 p:/sdk/sdk_win_64/sdk_win_64/winavr/bin/../lib/gcc/avr/4.3.3/avr5\libgcc.a(_div_sf.o)
 .bss           0x008001ca        0x0 p:/sdk/sdk_win_64/sdk_win_64/winavr/bin/../lib/gcc/avr/4.3.3/avr5\libgcc.a(_gt_sf.o)
 .bss           0x008001ca        0x0 p:/sdk/sdk_win_64/sdk_win_64/winavr/bin/../lib/gcc/avr/4.3.3/avr5\libgcc.a(_ge_sf.o)
 .bss           0x008001ca        0x0 p:/sdk/sdk_win_64/sdk_win_64/winavr/bin/../lib/gcc/avr/4.3.3/avr5\libgcc.a(_lt_sf.o)
 .bss           0x008001ca        0x0 p:/sdk/sdk_win_64/sdk_win_64/winavr/bin/../lib/gcc/avr/4.3.3/avr5\libgcc.a(_sf_to_si.o)
 .bss           0x008001ca        0x0 p:/sdk/sdk_win_64/sdk_win_64/winavr/bin/../lib/gcc/avr/4.3.3/avr5\libgcc.a(_thenan_sf.o)
 .bss           0x008001ca        0x0 p:/sdk/sdk_win_64/sdk_win_64/winavr/bin/../lib/gcc/avr/4.3.3/avr5\libgcc.a(_usi_to_sf.o)
 .bss           0x008001ca        0x0 p:/sdk/sdk_win_64/sdk_win_64/winavr/bin/../lib/gcc/avr/4.3.3/avr5\libgcc.a(_udivmodsi4.o)
 .bss           0x008001ca        0x0 p:/sdk/sdk_win_64/sdk_win_64/winavr/bin/../lib/gcc/avr/4.3.3/avr5\libgcc.a(_prologue.o)
 .bss           0x008001ca        0x0 p:/sdk/sdk_win_64/sdk_win_64/winavr/bin/../lib/gcc/avr/4.3.3/avr5\libgcc.a(_epilogue.o)
 .bss           0x008001ca        0x0 p:/sdk/sdk_win_64/sdk_win_64/winavr/bin/../lib/gcc/avr/4.3.3/avr5\libgcc.a(_clzsi2.o)
 .bss           0x008001ca        0x0 p:/sdk/sdk_win_64/sdk_win_64/winavr/bin/../lib/gcc/avr/4.3.3/avr5\libgcc.a(_pack_sf.o)
 .bss           0x008001ca        0x0 p:/sdk/sdk_win_64/sdk_win_64/winavr/bin/../lib/gcc/avr/4.3.3/avr5\libgcc.a(_unpack_sf.o)
 .bss           0x008001ca        0x0 p:/sdk/sdk_win_64/sdk_win_64/winavr/bin/../lib/gcc/avr/4.3.3/avr5\libgcc.a(_fpcmp_parts_sf.o)
 .bss           0x008001ca        0x0 p:/sdk/sdk_win_64/sdk_win_64/winavr/bin/../lib/gcc/avr/4.3.3/avr5\libgcc.a(_clz.o)
 *(.bss*)
 .bss.UART_Tx_Complete_Ptr
                0x008001ca        0x2 ./MCAL/UART/UART_Prog.o
                0x008001ca                UART_Tx_Complete_Ptr
 .bss.UART_Rx_Complete_Ptr
                0x008001cc        0x2 ./MCAL/UART/UART_Prog.o
                0x008001cc                UART_Rx_Complete_Ptr
 .bss.UART_Tx_BuffEmpty_Ptr
                0x008001ce        0x2 ./MCAL/UART/UART_Prog.o
                0x008001ce                UART_Tx_BuffEmpty_Ptr
 .bss.Global_TMR0CurrentOperationMode
                0x008001d0        0x1 ./MCAL/Timers/Timer_Prog.o
 .bss.Global_Timers_TMR0NoIterations
                0x008001d1        0x2 ./MCAL/Timers/Timer_Prog.o
 .bss.Global_Timers_TMR0DelayOperation
                0x008001d3        0x1 ./MCAL/Timers/Timer_Prog.o
 .bss.Timers_TMR0PtrOverflowSetCallBack
                0x008001d4        0x2 ./MCAL/Timers/Timer_Prog.o
                0x008001d4                Timers_TMR0PtrOverflowSetCallBack
 .bss.Timers_TMR0PtrCompareMatchSetCallBack
                0x008001d6        0x2 ./MCAL/Timers/Timer_Prog.o
                0x008001d6                Timers_TMR0PtrCompareMatchSetCallBack
 .bss.Global_TMR1CurrentOperationMode
                0x008001d8        0x1 ./MCAL/Timers/Timer_Prog.o
 .bss.Global_Timers_TMR1NoIterations
                0x008001d9        0x2 ./MCAL/Timers/Timer_Prog.o
 .bss.Global_Timers_TMR1DelayOperation
                0x008001db        0x1 ./MCAL/Timers/Timer_Prog.o
 .bss.Timers_TMR1PtrOverflowSetCallBack
                0x008001dc        0x2 ./MCAL/Timers/Timer_Prog.o
                0x008001dc                Timers_TMR1PtrOverflowSetCallBack
 .bss.Timers_TMR1PtrCompareMatchChannel_A_SetCallBack
                0x008001de        0x2 ./MCAL/Timers/Timer_Prog.o
                0x008001de                Timers_TMR1PtrCompareMatchChannel_A_SetCallBack
 .bss.Timers_TMR1PtrCompareMatchChannel_B_SetCallBack
                0x008001e0        0x2 ./MCAL/Timers/Timer_Prog.o
                0x008001e0                Timers_TMR1PtrCompareMatchChannel_B_SetCallBack
 .bss.Timers_TMR1PtrCompareMatchChannel_IC_SetCallBack
                0x008001e2        0x2 ./MCAL/Timers/Timer_Prog.o
                0x008001e2                Timers_TMR1PtrCompareMatchChannel_IC_SetCallBack
 .bss.SPI_EOT_SOR_CallBack
                0x008001e4        0x2 ./MCAL/SPI/SPI_Prog.o
                0x008001e4                SPI_EOT_SOR_CallBack
 .bss.EXT_Interrupt_EXTINT0_CallBack
                0x008001e6        0x2 ./MCAL/EXT_Interrupt/EXT_Interrupt_Prog.o
                0x008001e6                EXT_Interrupt_EXTINT0_CallBack
 .bss.EXT_Interrupt_EXTINT1_CallBack
                0x008001e8        0x2 ./MCAL/EXT_Interrupt/EXT_Interrupt_Prog.o
                0x008001e8                EXT_Interrupt_EXTINT1_CallBack
 .bss.EXT_Interrupt_EXTINT2_CallBack
                0x008001ea        0x2 ./MCAL/EXT_Interrupt/EXT_Interrupt_Prog.o
                0x008001ea                EXT_Interrupt_EXTINT2_CallBack
 .bss.ADC_CallBackPtr
                0x008001ec        0x2 ./MCAL/ADC/ADC_Prog.o
                0x008001ec                ADC_CallBackPtr
 .bss.ADC_Private_OBJ
                0x008001ee        0x6 ./MCAL/ADC/ADC_Prog.o
 *(COMMON)
 COMMON         0x008001f4        0x9 ./MCAL/UART/UART_Prog.o
                0x008001f4                UART_Module
 COMMON         0x008001fd        0x6 ./MCAL/ADC/ADC_Prog.o
                0x008001fd                ADC_OBJ
                0x00800203                PROVIDE (__bss_end, .)
                0x00008900                __data_load_start = LOADADDR (.data)
                0x00008a6a                __data_load_end = (__data_load_start + SIZEOF (.data))

.noinit         0x00800203        0x0
                0x00800203                PROVIDE (__noinit_start, .)
 *(.noinit*)
                0x00800203                PROVIDE (__noinit_end, .)
                0x00800203                _end = .
                0x00800203                PROVIDE (__heap_start, .)

.eeprom         0x00810000        0x0
 *(.eeprom*)
                0x00810000                __eeprom_end = .

.fuse
 *(.fuse)
 *(.lfuse)
 *(.hfuse)
 *(.efuse)

.lock
 *(.lock*)

.signature
 *(.signature*)

.stab           0x00000000     0xd968
 *(.stab)
 .stab          0x00000000       0xf0 ./MCAL/WDT/WDT_Prog.o
 .stab          0x000000f0     0x138c ./MCAL/UART/UART_Prog.o
                               0x1398 (size before relaxing)
 .stab          0x0000147c     0x3894 ./MCAL/Timers/Timer_Prog.o
                               0x3a5c (size before relaxing)
 .stab          0x00004d10      0xea0 ./MCAL/SPI/SPI_Prog.o
                                0xfcc (size before relaxing)
 .stab          0x00005bb0      0x294 ./MCAL/GIE/GIE_Prog.o
                                0x348 (size before relaxing)
 .stab          0x00005e44      0x7c8 ./MCAL/EXT_Interrupt/EXT_Interrupt_Prog.o
                                0xa38 (size before relaxing)
 .stab          0x0000660c     0x1374 ./MCAL/DIO/DIO_Prog.o
                               0x1380 (size before relaxing)
 .stab          0x00007980      0xc60 ./MCAL/ADC/ADC_Prog.o
                                0xed0 (size before relaxing)
 .stab          0x000085e0      0x684 ./HAL/SSD/SSD_Prog.o
                                0x9d8 (size before relaxing)
 .stab          0x00008c64      0x780 ./HAL/Push_Button/Push_Button_Prog.o
                                0x918 (size before relaxing)
 .stab          0x000093e4      0x384 ./HAL/POT/POT_Prog.o
                                0x558 (size before relaxing)
 .stab          0x00009768      0xf60 ./HAL/LED/LED_Prog.o
                               0x10f8 (size before relaxing)
 .stab          0x0000a6c8     0x1614 ./HAL/LCD/LCD_Prog.o
                               0x1968 (size before relaxing)
 .stab          0x0000bcdc      0x87c ./HAL/KeyPad/KeyPad_Prog.o
                                0xabc (size before relaxing)
 .stab          0x0000c558      0x36c ./HAL/Buzzer/Buzzer_Prog.o
                                0x540 (size before relaxing)
 .stab          0x0000c8c4      0x600 ./APP/ISRs/ISRs.o
                                0x6b4 (size before relaxing)
 .stab          0x0000cec4      0x858 ./APP/APP_Init.o
                                0x9f0 (size before relaxing)
 .stab          0x0000d71c      0x24c ./APP/main.o
                                0x954 (size before relaxing)

.stabstr        0x00000000     0xd459
 *(.stabstr)
 .stabstr       0x00000000     0xd459 ./MCAL/WDT/WDT_Prog.o

.stab.excl
 *(.stab.excl)

.stab.exclstr
 *(.stab.exclstr)

.stab.index
 *(.stab.index)

.stab.indexstr
 *(.stab.indexstr)

.comment
 *(.comment)

.debug
 *(.debug)

.line
 *(.line)

.debug_srcinfo
 *(.debug_srcinfo)

.debug_sfnames
 *(.debug_sfnames)

.debug_aranges  0x00000000      0x1a0
 *(.debug_aranges)
 .debug_aranges
                0x00000000       0x20 p:/sdk/sdk_win_64/sdk_win_64/winavr/bin/../lib/gcc/avr/4.3.3/avr5\libgcc.a(_fixunssfsi.o)
 .debug_aranges
                0x00000020       0x20 p:/sdk/sdk_win_64/sdk_win_64/winavr/bin/../lib/gcc/avr/4.3.3/avr5\libgcc.a(_addsub_sf.o)
 .debug_aranges
                0x00000040       0x20 p:/sdk/sdk_win_64/sdk_win_64/winavr/bin/../lib/gcc/avr/4.3.3/avr5\libgcc.a(_mul_sf.o)
 .debug_aranges
                0x00000060       0x20 p:/sdk/sdk_win_64/sdk_win_64/winavr/bin/../lib/gcc/avr/4.3.3/avr5\libgcc.a(_div_sf.o)
 .debug_aranges
                0x00000080       0x20 p:/sdk/sdk_win_64/sdk_win_64/winavr/bin/../lib/gcc/avr/4.3.3/avr5\libgcc.a(_gt_sf.o)
 .debug_aranges
                0x000000a0       0x20 p:/sdk/sdk_win_64/sdk_win_64/winavr/bin/../lib/gcc/avr/4.3.3/avr5\libgcc.a(_ge_sf.o)
 .debug_aranges
                0x000000c0       0x20 p:/sdk/sdk_win_64/sdk_win_64/winavr/bin/../lib/gcc/avr/4.3.3/avr5\libgcc.a(_lt_sf.o)
 .debug_aranges
                0x000000e0       0x20 p:/sdk/sdk_win_64/sdk_win_64/winavr/bin/../lib/gcc/avr/4.3.3/avr5\libgcc.a(_sf_to_si.o)
 .debug_aranges
                0x00000100       0x20 p:/sdk/sdk_win_64/sdk_win_64/winavr/bin/../lib/gcc/avr/4.3.3/avr5\libgcc.a(_usi_to_sf.o)
 .debug_aranges
                0x00000120       0x20 p:/sdk/sdk_win_64/sdk_win_64/winavr/bin/../lib/gcc/avr/4.3.3/avr5\libgcc.a(_clzsi2.o)
 .debug_aranges
                0x00000140       0x20 p:/sdk/sdk_win_64/sdk_win_64/winavr/bin/../lib/gcc/avr/4.3.3/avr5\libgcc.a(_pack_sf.o)
 .debug_aranges
                0x00000160       0x20 p:/sdk/sdk_win_64/sdk_win_64/winavr/bin/../lib/gcc/avr/4.3.3/avr5\libgcc.a(_unpack_sf.o)
 .debug_aranges
                0x00000180       0x20 p:/sdk/sdk_win_64/sdk_win_64/winavr/bin/../lib/gcc/avr/4.3.3/avr5\libgcc.a(_fpcmp_parts_sf.o)

.debug_pubnames
                0x00000000      0x1f2
 *(.debug_pubnames)
 .debug_pubnames
                0x00000000       0x23 p:/sdk/sdk_win_64/sdk_win_64/winavr/bin/../lib/gcc/avr/4.3.3/avr5\libgcc.a(_fixunssfsi.o)
 .debug_pubnames
                0x00000023       0x2c p:/sdk/sdk_win_64/sdk_win_64/winavr/bin/../lib/gcc/avr/4.3.3/avr5\libgcc.a(_addsub_sf.o)
 .debug_pubnames
                0x0000004f       0x1f p:/sdk/sdk_win_64/sdk_win_64/winavr/bin/../lib/gcc/avr/4.3.3/avr5\libgcc.a(_mul_sf.o)
 .debug_pubnames
                0x0000006e       0x1f p:/sdk/sdk_win_64/sdk_win_64/winavr/bin/../lib/gcc/avr/4.3.3/avr5\libgcc.a(_div_sf.o)
 .debug_pubnames
                0x0000008d       0x1e p:/sdk/sdk_win_64/sdk_win_64/winavr/bin/../lib/gcc/avr/4.3.3/avr5\libgcc.a(_gt_sf.o)
 .debug_pubnames
                0x000000ab       0x1e p:/sdk/sdk_win_64/sdk_win_64/winavr/bin/../lib/gcc/avr/4.3.3/avr5\libgcc.a(_ge_sf.o)
 .debug_pubnames
                0x000000c9       0x1e p:/sdk/sdk_win_64/sdk_win_64/winavr/bin/../lib/gcc/avr/4.3.3/avr5\libgcc.a(_lt_sf.o)
 .debug_pubnames
                0x000000e7       0x20 p:/sdk/sdk_win_64/sdk_win_64/winavr/bin/../lib/gcc/avr/4.3.3/avr5\libgcc.a(_sf_to_si.o)
 .debug_pubnames
                0x00000107       0x22 p:/sdk/sdk_win_64/sdk_win_64/winavr/bin/../lib/gcc/avr/4.3.3/avr5\libgcc.a(_thenan_sf.o)
 .debug_pubnames
                0x00000129       0x24 p:/sdk/sdk_win_64/sdk_win_64/winavr/bin/../lib/gcc/avr/4.3.3/avr5\libgcc.a(_usi_to_sf.o)
 .debug_pubnames
                0x0000014d       0x1f p:/sdk/sdk_win_64/sdk_win_64/winavr/bin/../lib/gcc/avr/4.3.3/avr5\libgcc.a(_clzsi2.o)
 .debug_pubnames
                0x0000016c       0x1f p:/sdk/sdk_win_64/sdk_win_64/winavr/bin/../lib/gcc/avr/4.3.3/avr5\libgcc.a(_pack_sf.o)
 .debug_pubnames
                0x0000018b       0x21 p:/sdk/sdk_win_64/sdk_win_64/winavr/bin/../lib/gcc/avr/4.3.3/avr5\libgcc.a(_unpack_sf.o)
 .debug_pubnames
                0x000001ac       0x26 p:/sdk/sdk_win_64/sdk_win_64/winavr/bin/../lib/gcc/avr/4.3.3/avr5\libgcc.a(_fpcmp_parts_sf.o)
 .debug_pubnames
                0x000001d2       0x20 p:/sdk/sdk_win_64/sdk_win_64/winavr/bin/../lib/gcc/avr/4.3.3/avr5\libgcc.a(_clz.o)

.debug_info     0x00000000     0x240b
 *(.debug_info)
 .debug_info    0x00000000       0xb1 p:/sdk/sdk_win_64/sdk_win_64/winavr/bin/../lib/gcc/avr/4.3.3/avr5\libgcc.a(_fixunssfsi.o)
 .debug_info    0x000000b1      0x47a p:/sdk/sdk_win_64/sdk_win_64/winavr/bin/../lib/gcc/avr/4.3.3/avr5\libgcc.a(_addsub_sf.o)
 .debug_info    0x0000052b      0x485 p:/sdk/sdk_win_64/sdk_win_64/winavr/bin/../lib/gcc/avr/4.3.3/avr5\libgcc.a(_mul_sf.o)
 .debug_info    0x000009b0      0x3fc p:/sdk/sdk_win_64/sdk_win_64/winavr/bin/../lib/gcc/avr/4.3.3/avr5\libgcc.a(_div_sf.o)
 .debug_info    0x00000dac      0x27f p:/sdk/sdk_win_64/sdk_win_64/winavr/bin/../lib/gcc/avr/4.3.3/avr5\libgcc.a(_gt_sf.o)
 .debug_info    0x0000102b      0x27f p:/sdk/sdk_win_64/sdk_win_64/winavr/bin/../lib/gcc/avr/4.3.3/avr5\libgcc.a(_ge_sf.o)
 .debug_info    0x000012aa      0x27f p:/sdk/sdk_win_64/sdk_win_64/winavr/bin/../lib/gcc/avr/4.3.3/avr5\libgcc.a(_lt_sf.o)
 .debug_info    0x00001529      0x2b0 p:/sdk/sdk_win_64/sdk_win_64/winavr/bin/../lib/gcc/avr/4.3.3/avr5\libgcc.a(_sf_to_si.o)
 .debug_info    0x000017d9      0x12c p:/sdk/sdk_win_64/sdk_win_64/winavr/bin/../lib/gcc/avr/4.3.3/avr5\libgcc.a(_thenan_sf.o)
 .debug_info    0x00001905      0x206 p:/sdk/sdk_win_64/sdk_win_64/winavr/bin/../lib/gcc/avr/4.3.3/avr5\libgcc.a(_usi_to_sf.o)
 .debug_info    0x00001b0b      0x117 p:/sdk/sdk_win_64/sdk_win_64/winavr/bin/../lib/gcc/avr/4.3.3/avr5\libgcc.a(_clzsi2.o)
 .debug_info    0x00001c22      0x2df p:/sdk/sdk_win_64/sdk_win_64/winavr/bin/../lib/gcc/avr/4.3.3/avr5\libgcc.a(_pack_sf.o)
 .debug_info    0x00001f01      0x251 p:/sdk/sdk_win_64/sdk_win_64/winavr/bin/../lib/gcc/avr/4.3.3/avr5\libgcc.a(_unpack_sf.o)
 .debug_info    0x00002152      0x210 p:/sdk/sdk_win_64/sdk_win_64/winavr/bin/../lib/gcc/avr/4.3.3/avr5\libgcc.a(_fpcmp_parts_sf.o)
 .debug_info    0x00002362       0xa9 p:/sdk/sdk_win_64/sdk_win_64/winavr/bin/../lib/gcc/avr/4.3.3/avr5\libgcc.a(_clz.o)
 *(.gnu.linkonce.wi.*)

.debug_abbrev   0x00000000     0x1386
 *(.debug_abbrev)
 .debug_abbrev  0x00000000       0x5d p:/sdk/sdk_win_64/sdk_win_64/winavr/bin/../lib/gcc/avr/4.3.3/avr5\libgcc.a(_fixunssfsi.o)
 .debug_abbrev  0x0000005d      0x1ea p:/sdk/sdk_win_64/sdk_win_64/winavr/bin/../lib/gcc/avr/4.3.3/avr5\libgcc.a(_addsub_sf.o)
 .debug_abbrev  0x00000247      0x21b p:/sdk/sdk_win_64/sdk_win_64/winavr/bin/../lib/gcc/avr/4.3.3/avr5\libgcc.a(_mul_sf.o)
 .debug_abbrev  0x00000462      0x216 p:/sdk/sdk_win_64/sdk_win_64/winavr/bin/../lib/gcc/avr/4.3.3/avr5\libgcc.a(_div_sf.o)
 .debug_abbrev  0x00000678      0x15a p:/sdk/sdk_win_64/sdk_win_64/winavr/bin/../lib/gcc/avr/4.3.3/avr5\libgcc.a(_gt_sf.o)
 .debug_abbrev  0x000007d2      0x15a p:/sdk/sdk_win_64/sdk_win_64/winavr/bin/../lib/gcc/avr/4.3.3/avr5\libgcc.a(_ge_sf.o)
 .debug_abbrev  0x0000092c      0x15a p:/sdk/sdk_win_64/sdk_win_64/winavr/bin/../lib/gcc/avr/4.3.3/avr5\libgcc.a(_lt_sf.o)
 .debug_abbrev  0x00000a86      0x17f p:/sdk/sdk_win_64/sdk_win_64/winavr/bin/../lib/gcc/avr/4.3.3/avr5\libgcc.a(_sf_to_si.o)
 .debug_abbrev  0x00000c05       0xad p:/sdk/sdk_win_64/sdk_win_64/winavr/bin/../lib/gcc/avr/4.3.3/avr5\libgcc.a(_thenan_sf.o)
 .debug_abbrev  0x00000cb2      0x157 p:/sdk/sdk_win_64/sdk_win_64/winavr/bin/../lib/gcc/avr/4.3.3/avr5\libgcc.a(_usi_to_sf.o)
 .debug_abbrev  0x00000e09       0xc4 p:/sdk/sdk_win_64/sdk_win_64/winavr/bin/../lib/gcc/avr/4.3.3/avr5\libgcc.a(_clzsi2.o)
 .debug_abbrev  0x00000ecd      0x1c0 p:/sdk/sdk_win_64/sdk_win_64/winavr/bin/../lib/gcc/avr/4.3.3/avr5\libgcc.a(_pack_sf.o)
 .debug_abbrev  0x0000108d      0x154 p:/sdk/sdk_win_64/sdk_win_64/winavr/bin/../lib/gcc/avr/4.3.3/avr5\libgcc.a(_unpack_sf.o)
 .debug_abbrev  0x000011e1      0x13b p:/sdk/sdk_win_64/sdk_win_64/winavr/bin/../lib/gcc/avr/4.3.3/avr5\libgcc.a(_fpcmp_parts_sf.o)
 .debug_abbrev  0x0000131c       0x6a p:/sdk/sdk_win_64/sdk_win_64/winavr/bin/../lib/gcc/avr/4.3.3/avr5\libgcc.a(_clz.o)

.debug_line     0x00000000     0x11d6
 *(.debug_line)
 .debug_line    0x00000000       0xa7 p:/sdk/sdk_win_64/sdk_win_64/winavr/bin/../lib/gcc/avr/4.3.3/avr5\libgcc.a(_fixunssfsi.o)
 .debug_line    0x000000a7      0x2af p:/sdk/sdk_win_64/sdk_win_64/winavr/bin/../lib/gcc/avr/4.3.3/avr5\libgcc.a(_addsub_sf.o)
 .debug_line    0x00000356      0x239 p:/sdk/sdk_win_64/sdk_win_64/winavr/bin/../lib/gcc/avr/4.3.3/avr5\libgcc.a(_mul_sf.o)
 .debug_line    0x0000058f      0x1d5 p:/sdk/sdk_win_64/sdk_win_64/winavr/bin/../lib/gcc/avr/4.3.3/avr5\libgcc.a(_div_sf.o)
 .debug_line    0x00000764       0xd3 p:/sdk/sdk_win_64/sdk_win_64/winavr/bin/../lib/gcc/avr/4.3.3/avr5\libgcc.a(_gt_sf.o)
 .debug_line    0x00000837       0xd3 p:/sdk/sdk_win_64/sdk_win_64/winavr/bin/../lib/gcc/avr/4.3.3/avr5\libgcc.a(_ge_sf.o)
 .debug_line    0x0000090a       0xd3 p:/sdk/sdk_win_64/sdk_win_64/winavr/bin/../lib/gcc/avr/4.3.3/avr5\libgcc.a(_lt_sf.o)
 .debug_line    0x000009dd      0x109 p:/sdk/sdk_win_64/sdk_win_64/winavr/bin/../lib/gcc/avr/4.3.3/avr5\libgcc.a(_sf_to_si.o)
 .debug_line    0x00000ae6       0x90 p:/sdk/sdk_win_64/sdk_win_64/winavr/bin/../lib/gcc/avr/4.3.3/avr5\libgcc.a(_thenan_sf.o)
 .debug_line    0x00000b76      0x133 p:/sdk/sdk_win_64/sdk_win_64/winavr/bin/../lib/gcc/avr/4.3.3/avr5\libgcc.a(_usi_to_sf.o)
 .debug_line    0x00000ca9       0xa5 p:/sdk/sdk_win_64/sdk_win_64/winavr/bin/../lib/gcc/avr/4.3.3/avr5\libgcc.a(_clzsi2.o)
 .debug_line    0x00000d4e      0x18a p:/sdk/sdk_win_64/sdk_win_64/winavr/bin/../lib/gcc/avr/4.3.3/avr5\libgcc.a(_pack_sf.o)
 .debug_line    0x00000ed8      0x14b p:/sdk/sdk_win_64/sdk_win_64/winavr/bin/../lib/gcc/avr/4.3.3/avr5\libgcc.a(_unpack_sf.o)
 .debug_line    0x00001023      0x137 p:/sdk/sdk_win_64/sdk_win_64/winavr/bin/../lib/gcc/avr/4.3.3/avr5\libgcc.a(_fpcmp_parts_sf.o)
 .debug_line    0x0000115a       0x7c p:/sdk/sdk_win_64/sdk_win_64/winavr/bin/../lib/gcc/avr/4.3.3/avr5\libgcc.a(_clz.o)

.debug_frame    0x00000000      0x1c0
 *(.debug_frame)
 .debug_frame   0x00000000       0x20 p:/sdk/sdk_win_64/sdk_win_64/winavr/bin/../lib/gcc/avr/4.3.3/avr5\libgcc.a(_fixunssfsi.o)
 .debug_frame   0x00000020       0x40 p:/sdk/sdk_win_64/sdk_win_64/winavr/bin/../lib/gcc/avr/4.3.3/avr5\libgcc.a(_addsub_sf.o)
 .debug_frame   0x00000060       0x20 p:/sdk/sdk_win_64/sdk_win_64/winavr/bin/../lib/gcc/avr/4.3.3/avr5\libgcc.a(_mul_sf.o)
 .debug_frame   0x00000080       0x20 p:/sdk/sdk_win_64/sdk_win_64/winavr/bin/../lib/gcc/avr/4.3.3/avr5\libgcc.a(_div_sf.o)
 .debug_frame   0x000000a0       0x20 p:/sdk/sdk_win_64/sdk_win_64/winavr/bin/../lib/gcc/avr/4.3.3/avr5\libgcc.a(_gt_sf.o)
 .debug_frame   0x000000c0       0x20 p:/sdk/sdk_win_64/sdk_win_64/winavr/bin/../lib/gcc/avr/4.3.3/avr5\libgcc.a(_ge_sf.o)
 .debug_frame   0x000000e0       0x20 p:/sdk/sdk_win_64/sdk_win_64/winavr/bin/../lib/gcc/avr/4.3.3/avr5\libgcc.a(_lt_sf.o)
 .debug_frame   0x00000100       0x20 p:/sdk/sdk_win_64/sdk_win_64/winavr/bin/../lib/gcc/avr/4.3.3/avr5\libgcc.a(_sf_to_si.o)
 .debug_frame   0x00000120       0x20 p:/sdk/sdk_win_64/sdk_win_64/winavr/bin/../lib/gcc/avr/4.3.3/avr5\libgcc.a(_usi_to_sf.o)
 .debug_frame   0x00000140       0x20 p:/sdk/sdk_win_64/sdk_win_64/winavr/bin/../lib/gcc/avr/4.3.3/avr5\libgcc.a(_clzsi2.o)
 .debug_frame   0x00000160       0x20 p:/sdk/sdk_win_64/sdk_win_64/winavr/bin/../lib/gcc/avr/4.3.3/avr5\libgcc.a(_pack_sf.o)
 .debug_frame   0x00000180       0x20 p:/sdk/sdk_win_64/sdk_win_64/winavr/bin/../lib/gcc/avr/4.3.3/avr5\libgcc.a(_unpack_sf.o)
 .debug_frame   0x000001a0       0x20 p:/sdk/sdk_win_64/sdk_win_64/winavr/bin/../lib/gcc/avr/4.3.3/avr5\libgcc.a(_fpcmp_parts_sf.o)

.debug_str      0x00000000      0x2f6
 *(.debug_str)
 .debug_str     0x00000000       0xbf p:/sdk/sdk_win_64/sdk_win_64/winavr/bin/../lib/gcc/avr/4.3.3/avr5\libgcc.a(_fixunssfsi.o)
                                 0xfe (size before relaxing)
 .debug_str     0x000000bf      0x14d p:/sdk/sdk_win_64/sdk_win_64/winavr/bin/../lib/gcc/avr/4.3.3/avr5\libgcc.a(_addsub_sf.o)
                                0x206 (size before relaxing)
 .debug_str     0x0000020c       0x27 p:/sdk/sdk_win_64/sdk_win_64/winavr/bin/../lib/gcc/avr/4.3.3/avr5\libgcc.a(_mul_sf.o)
                                0x1bf (size before relaxing)
 .debug_str     0x00000233       0x35 p:/sdk/sdk_win_64/sdk_win_64/winavr/bin/../lib/gcc/avr/4.3.3/avr5\libgcc.a(_div_sf.o)
                                0x1c8 (size before relaxing)
 .debug_str     0x00000268        0x8 p:/sdk/sdk_win_64/sdk_win_64/winavr/bin/../lib/gcc/avr/4.3.3/avr5\libgcc.a(_gt_sf.o)
                                0x195 (size before relaxing)
 .debug_str     0x00000270        0x8 p:/sdk/sdk_win_64/sdk_win_64/winavr/bin/../lib/gcc/avr/4.3.3/avr5\libgcc.a(_ge_sf.o)
                                0x195 (size before relaxing)
 .debug_str     0x00000278        0x8 p:/sdk/sdk_win_64/sdk_win_64/winavr/bin/../lib/gcc/avr/4.3.3/avr5\libgcc.a(_lt_sf.o)
                                0x195 (size before relaxing)
 .debug_str     0x00000280        0xa p:/sdk/sdk_win_64/sdk_win_64/winavr/bin/../lib/gcc/avr/4.3.3/avr5\libgcc.a(_sf_to_si.o)
                                0x19e (size before relaxing)
 .debug_str     0x00000000      0x103 p:/sdk/sdk_win_64/sdk_win_64/winavr/bin/../lib/gcc/avr/4.3.3/avr5\libgcc.a(_thenan_sf.o)
 .debug_str     0x0000028a       0x21 p:/sdk/sdk_win_64/sdk_win_64/winavr/bin/../lib/gcc/avr/4.3.3/avr5\libgcc.a(_usi_to_sf.o)
                                0x177 (size before relaxing)
 .debug_str     0x000002ab       0x20 p:/sdk/sdk_win_64/sdk_win_64/winavr/bin/../lib/gcc/avr/4.3.3/avr5\libgcc.a(_clzsi2.o)
                                0x111 (size before relaxing)
 .debug_str     0x000002cb       0x10 p:/sdk/sdk_win_64/sdk_win_64/winavr/bin/../lib/gcc/avr/4.3.3/avr5\libgcc.a(_pack_sf.o)
                                0x19d (size before relaxing)
 .debug_str     0x000002db        0xb p:/sdk/sdk_win_64/sdk_win_64/winavr/bin/../lib/gcc/avr/4.3.3/avr5\libgcc.a(_unpack_sf.o)
                                0x17f (size before relaxing)
 .debug_str     0x000002e6       0x10 p:/sdk/sdk_win_64/sdk_win_64/winavr/bin/../lib/gcc/avr/4.3.3/avr5\libgcc.a(_fpcmp_parts_sf.o)
                                0x163 (size before relaxing)
 .debug_str     0x00000000       0xf4 p:/sdk/sdk_win_64/sdk_win_64/winavr/bin/../lib/gcc/avr/4.3.3/avr5\libgcc.a(_clz.o)

.debug_loc      0x00000000      0x96e
 *(.debug_loc)
 .debug_loc     0x00000000       0x34 p:/sdk/sdk_win_64/sdk_win_64/winavr/bin/../lib/gcc/avr/4.3.3/avr5\libgcc.a(_fixunssfsi.o)
 .debug_loc     0x00000034      0x32a p:/sdk/sdk_win_64/sdk_win_64/winavr/bin/../lib/gcc/avr/4.3.3/avr5\libgcc.a(_addsub_sf.o)
 .debug_loc     0x0000035e      0x104 p:/sdk/sdk_win_64/sdk_win_64/winavr/bin/../lib/gcc/avr/4.3.3/avr5\libgcc.a(_mul_sf.o)
 .debug_loc     0x00000462       0xc0 p:/sdk/sdk_win_64/sdk_win_64/winavr/bin/../lib/gcc/avr/4.3.3/avr5\libgcc.a(_div_sf.o)
 .debug_loc     0x00000522       0x3c p:/sdk/sdk_win_64/sdk_win_64/winavr/bin/../lib/gcc/avr/4.3.3/avr5\libgcc.a(_gt_sf.o)
 .debug_loc     0x0000055e       0x3c p:/sdk/sdk_win_64/sdk_win_64/winavr/bin/../lib/gcc/avr/4.3.3/avr5\libgcc.a(_ge_sf.o)
 .debug_loc     0x0000059a       0x3c p:/sdk/sdk_win_64/sdk_win_64/winavr/bin/../lib/gcc/avr/4.3.3/avr5\libgcc.a(_lt_sf.o)
 .debug_loc     0x000005d6       0x7e p:/sdk/sdk_win_64/sdk_win_64/winavr/bin/../lib/gcc/avr/4.3.3/avr5\libgcc.a(_sf_to_si.o)
 .debug_loc     0x00000654       0x4c p:/sdk/sdk_win_64/sdk_win_64/winavr/bin/../lib/gcc/avr/4.3.3/avr5\libgcc.a(_usi_to_sf.o)
 .debug_loc     0x000006a0       0x94 p:/sdk/sdk_win_64/sdk_win_64/winavr/bin/../lib/gcc/avr/4.3.3/avr5\libgcc.a(_clzsi2.o)
 .debug_loc     0x00000734      0x13e p:/sdk/sdk_win_64/sdk_win_64/winavr/bin/../lib/gcc/avr/4.3.3/avr5\libgcc.a(_pack_sf.o)
 .debug_loc     0x00000872       0xac p:/sdk/sdk_win_64/sdk_win_64/winavr/bin/../lib/gcc/avr/4.3.3/avr5\libgcc.a(_unpack_sf.o)
 .debug_loc     0x0000091e       0x50 p:/sdk/sdk_win_64/sdk_win_64/winavr/bin/../lib/gcc/avr/4.3.3/avr5\libgcc.a(_fpcmp_parts_sf.o)

.debug_macinfo
 *(.debug_macinfo)
OUTPUT(ATMEGA_Drivers.elf elf32-avr)
LOAD linker stubs

.debug_ranges   0x00000000       0x50
 .debug_ranges  0x00000000       0x50 p:/sdk/sdk_win_64/sdk_win_64/winavr/bin/../lib/gcc/avr/4.3.3/avr5\libgcc.a(_mul_sf.o)
