Archive member included because of file (symbol)

p:/sdk/sdk_win_64/sdk_win_64/winavr/bin/../lib/gcc/avr/4.3.3/avr5\libgcc.a(_exit.o)
                              p:/sdk/sdk_win_64/sdk_win_64/winavr/bin/../lib/gcc/avr/4.3.3/../../../../avr/lib/avr5/crtm32.o (exit)
p:/sdk/sdk_win_64/sdk_win_64/winavr/bin/../lib/gcc/avr/4.3.3/avr5\libgcc.a(_copy_data.o)
                              ./APP/main.o (__do_copy_data)
p:/sdk/sdk_win_64/sdk_win_64/winavr/bin/../lib/gcc/avr/4.3.3/avr5\libgcc.a(_clear_bss.o)
                              ./APP/main.o (__do_clear_bss)

Memory Configuration

Name             Origin             Length             Attributes
text             0x00000000         0x00020000         xr
data             0x00800060         0x0000ffa0         rw !x
eeprom           0x00810000         0x00010000         rw !x
fuse             0x00820000         0x00000400         rw !x
lock             0x00830000         0x00000400         rw !x
signature        0x00840000         0x00000400         rw !x
*default*        0x00000000         0xffffffff

Linker script and memory map

LOAD p:/sdk/sdk_win_64/sdk_win_64/winavr/bin/../lib/gcc/avr/4.3.3/../../../../avr/lib/avr5/crtm32.o
LOAD ./MCAL/EXT_Interrupt/EXT_Interrupt_Prog.o
LOAD ./MCAL/DIO/DIO_Prog.o
LOAD ./HAL/Push_Button/Push_Button_Prog.o
LOAD ./HAL/LED/LED_Prog.o
LOAD ./APP/main.o
LOAD p:/sdk/sdk_win_64/sdk_win_64/winavr/bin/../lib/gcc/avr/4.3.3/avr5\libgcc.a
LOAD p:/sdk/sdk_win_64/sdk_win_64/winavr/bin/../lib/gcc/avr/4.3.3/../../../../avr/lib/avr5\libc.a
LOAD p:/sdk/sdk_win_64/sdk_win_64/winavr/bin/../lib/gcc/avr/4.3.3/avr5\libgcc.a

.hash
 *(.hash)

.dynsym
 *(.dynsym)

.dynstr
 *(.dynstr)

.gnu.version
 *(.gnu.version)

.gnu.version_d
 *(.gnu.version_d)

.gnu.version_r
 *(.gnu.version_r)

.rel.init
 *(.rel.init)

.rela.init
 *(.rela.init)

.rel.text
 *(.rel.text)
 *(.rel.text.*)
 *(.rel.gnu.linkonce.t*)

.rela.text
 *(.rela.text)
 *(.rela.text.*)
 *(.rela.gnu.linkonce.t*)

.rel.fini
 *(.rel.fini)

.rela.fini
 *(.rela.fini)

.rel.rodata
 *(.rel.rodata)
 *(.rel.rodata.*)
 *(.rel.gnu.linkonce.r*)

.rela.rodata
 *(.rela.rodata)
 *(.rela.rodata.*)
 *(.rela.gnu.linkonce.r*)

.rel.data
 *(.rel.data)
 *(.rel.data.*)
 *(.rel.gnu.linkonce.d*)

.rela.data
 *(.rela.data)
 *(.rela.data.*)
 *(.rela.gnu.linkonce.d*)

.rel.ctors
 *(.rel.ctors)

.rela.ctors
 *(.rela.ctors)

.rel.dtors
 *(.rel.dtors)

.rela.dtors
 *(.rela.dtors)

.rel.got
 *(.rel.got)

.rela.got
 *(.rela.got)

.rel.bss
 *(.rel.bss)

.rela.bss
 *(.rela.bss)

.rel.plt
 *(.rel.plt)

.rela.plt
 *(.rela.plt)

.text           0x00000000      0xc5c
 *(.vectors)
 .vectors       0x00000000       0x54 p:/sdk/sdk_win_64/sdk_win_64/winavr/bin/../lib/gcc/avr/4.3.3/../../../../avr/lib/avr5/crtm32.o
                0x00000000                __vectors
                0x00000000                __vector_default
 *(.vectors)
 *(.progmem.gcc*)
 *(.progmem*)
                0x00000054                . = ALIGN (0x2)
                0x00000054                __trampolines_start = .
 *(.trampolines)
 .trampolines   0x00000054        0x0 linker stubs
 *(.trampolines*)
                0x00000054                __trampolines_end = .
 *(.jumptables)
 *(.jumptables*)
 *(.lowtext)
 *(.lowtext*)
                0x00000054                __ctors_start = .
 *(.ctors)
                0x00000054                __ctors_end = .
                0x00000054                __dtors_start = .
 *(.dtors)
                0x00000054                __dtors_end = .
 SORT(*)(.ctors)
 SORT(*)(.dtors)
 *(.init0)
 .init0         0x00000054        0x0 p:/sdk/sdk_win_64/sdk_win_64/winavr/bin/../lib/gcc/avr/4.3.3/../../../../avr/lib/avr5/crtm32.o
                0x00000054                __init
 *(.init0)
 *(.init1)
 *(.init1)
 *(.init2)
 .init2         0x00000054        0xc p:/sdk/sdk_win_64/sdk_win_64/winavr/bin/../lib/gcc/avr/4.3.3/../../../../avr/lib/avr5/crtm32.o
 *(.init2)
 *(.init3)
 *(.init3)
 *(.init4)
 .init4         0x00000060       0x16 p:/sdk/sdk_win_64/sdk_win_64/winavr/bin/../lib/gcc/avr/4.3.3/avr5\libgcc.a(_copy_data.o)
                0x00000060                __do_copy_data
 .init4         0x00000076       0x10 p:/sdk/sdk_win_64/sdk_win_64/winavr/bin/../lib/gcc/avr/4.3.3/avr5\libgcc.a(_clear_bss.o)
                0x00000076                __do_clear_bss
 *(.init4)
 *(.init5)
 *(.init5)
 *(.init6)
 *(.init6)
 *(.init7)
 *(.init7)
 *(.init8)
 *(.init8)
 *(.init9)
 .init9         0x00000086        0x8 p:/sdk/sdk_win_64/sdk_win_64/winavr/bin/../lib/gcc/avr/4.3.3/../../../../avr/lib/avr5/crtm32.o
 *(.init9)
 *(.text)
 .text          0x0000008e        0x4 p:/sdk/sdk_win_64/sdk_win_64/winavr/bin/../lib/gcc/avr/4.3.3/../../../../avr/lib/avr5/crtm32.o
                0x0000008e                __vector_1
                0x0000008e                __vector_12
                0x0000008e                __bad_interrupt
                0x0000008e                __vector_6
                0x0000008e                __vector_3
                0x0000008e                __vector_11
                0x0000008e                __vector_13
                0x0000008e                __vector_17
                0x0000008e                __vector_19
                0x0000008e                __vector_7
                0x0000008e                __vector_5
                0x0000008e                __vector_4
                0x0000008e                __vector_9
                0x0000008e                __vector_2
                0x0000008e                __vector_15
                0x0000008e                __vector_8
                0x0000008e                __vector_14
                0x0000008e                __vector_10
                0x0000008e                __vector_16
                0x0000008e                __vector_18
                0x0000008e                __vector_20
 .text          0x00000092        0x0 ./MCAL/EXT_Interrupt/EXT_Interrupt_Prog.o
 .text          0x00000092        0x0 ./MCAL/DIO/DIO_Prog.o
 .text          0x00000092        0x0 ./HAL/Push_Button/Push_Button_Prog.o
 .text          0x00000092        0x0 ./HAL/LED/LED_Prog.o
 .text          0x00000092        0x0 ./APP/main.o
 .text          0x00000092        0x0 p:/sdk/sdk_win_64/sdk_win_64/winavr/bin/../lib/gcc/avr/4.3.3/avr5\libgcc.a(_exit.o)
 .text          0x00000092        0x0 p:/sdk/sdk_win_64/sdk_win_64/winavr/bin/../lib/gcc/avr/4.3.3/avr5\libgcc.a(_copy_data.o)
 .text          0x00000092        0x0 p:/sdk/sdk_win_64/sdk_win_64/winavr/bin/../lib/gcc/avr/4.3.3/avr5\libgcc.a(_clear_bss.o)
                0x00000092                . = ALIGN (0x2)
 *(.text.*)
 .text.MCAL_DIO_SetPinDirection
                0x00000092      0x14a ./MCAL/DIO/DIO_Prog.o
                0x00000092                MCAL_DIO_SetPinDirection
 .text.MCAL_DIO_GetPinDirection
                0x000001dc       0x70 ./MCAL/DIO/DIO_Prog.o
                0x000001dc                MCAL_DIO_GetPinDirection
 .text.MCAL_DIO_SetPinValue
                0x0000024c      0x144 ./MCAL/DIO/DIO_Prog.o
                0x0000024c                MCAL_DIO_SetPinValue
 .text.MCAL_DIO_ReadPinValue
                0x00000390       0x64 ./MCAL/DIO/DIO_Prog.o
                0x00000390                MCAL_DIO_ReadPinValue
 .text.MCAL_DIO_TogglePinValue
                0x000003f4       0xbc ./MCAL/DIO/DIO_Prog.o
                0x000003f4                MCAL_DIO_TogglePinValue
 .text.MCAL_DIO_InitializePinOutput
                0x000004b0       0x22 ./MCAL/DIO/DIO_Prog.o
                0x000004b0                MCAL_DIO_InitializePinOutput
 .text.MCAL_DIO_SetPortDirection
                0x000004d2       0x52 ./MCAL/DIO/DIO_Prog.o
                0x000004d2                MCAL_DIO_SetPortDirection
 .text.MCAL_DIO_GetPortDirection
                0x00000524       0x4e ./MCAL/DIO/DIO_Prog.o
                0x00000524                MCAL_DIO_GetPortDirection
 .text.MCAL_DIO_SetPortValue
                0x00000572       0x4c ./MCAL/DIO/DIO_Prog.o
                0x00000572                MCAL_DIO_SetPortValue
 .text.MCAL_DIO_ReadPortValue
                0x000005be       0x4e ./MCAL/DIO/DIO_Prog.o
                0x000005be                MCAL_DIO_ReadPortValue
 .text.MCAL_DIO_TogglePortValue
                0x0000060c       0x5c ./MCAL/DIO/DIO_Prog.o
                0x0000060c                MCAL_DIO_TogglePortValue
 .text.HAL_Push_Button_ReadBtn
                0x00000668       0xfc ./HAL/Push_Button/Push_Button_Prog.o
                0x00000668                HAL_Push_Button_ReadBtn
 .text.HAL_Push_Button_BtnConfig
                0x00000764       0x48 ./HAL/Push_Button/Push_Button_Prog.o
                0x00000764                HAL_Push_Button_BtnConfig
 .text.HAL_LED_LEDArrayPatternBlink
                0x000007ac       0xbc ./HAL/LED/LED_Prog.o
                0x000007ac                HAL_LED_LEDArrayPatternBlink
 .text.HAL_LED_LEDArrayPatternOff
                0x00000868       0x78 ./HAL/LED/LED_Prog.o
                0x00000868                HAL_LED_LEDArrayPatternOff
 .text.HAL_LED_LEDArrayPatternOn
                0x000008e0       0x92 ./HAL/LED/LED_Prog.o
                0x000008e0                HAL_LED_LEDArrayPatternOn
 .text.HAL_LED_LEDOff
                0x00000972       0x60 ./HAL/LED/LED_Prog.o
                0x00000972                HAL_LED_LEDOff
 .text.HAL_LED_LEDOn
                0x000009d2       0x60 ./HAL/LED/LED_Prog.o
                0x000009d2                HAL_LED_LEDOn
 .text.HAL_LED_LEDArrayConfig
                0x00000a32       0x86 ./HAL/LED/LED_Prog.o
                0x00000a32                HAL_LED_LEDArrayConfig
 .text.HAL_LED_LEDConfig
                0x00000ab8       0x6c ./HAL/LED/LED_Prog.o
                0x00000ab8                HAL_LED_LEDConfig
 .text.HAL_LED_LEDBlink
                0x00000b24       0xa8 ./HAL/LED/LED_Prog.o
                0x00000b24                HAL_LED_LEDBlink
 .text.HAL_LED_LEDToggle
                0x00000bcc       0x5e ./HAL/LED/LED_Prog.o
                0x00000bcc                HAL_LED_LEDToggle
 .text.main     0x00000c2a       0x2e ./APP/main.o
                0x00000c2a                main
 .text.libgcc   0x00000c58        0x0 p:/sdk/sdk_win_64/sdk_win_64/winavr/bin/../lib/gcc/avr/4.3.3/avr5\libgcc.a(_exit.o)
 .text.libgcc   0x00000c58        0x0 p:/sdk/sdk_win_64/sdk_win_64/winavr/bin/../lib/gcc/avr/4.3.3/avr5\libgcc.a(_copy_data.o)
 .text.libgcc   0x00000c58        0x0 p:/sdk/sdk_win_64/sdk_win_64/winavr/bin/../lib/gcc/avr/4.3.3/avr5\libgcc.a(_clear_bss.o)
                0x00000c58                . = ALIGN (0x2)
 *(.fini9)
 .fini9         0x00000c58        0x0 p:/sdk/sdk_win_64/sdk_win_64/winavr/bin/../lib/gcc/avr/4.3.3/avr5\libgcc.a(_exit.o)
                0x00000c58                exit
                0x00000c58                _exit
 *(.fini9)
 *(.fini8)
 *(.fini8)
 *(.fini7)
 *(.fini7)
 *(.fini6)
 *(.fini6)
 *(.fini5)
 *(.fini5)
 *(.fini4)
 *(.fini4)
 *(.fini3)
 *(.fini3)
 *(.fini2)
 *(.fini2)
 *(.fini1)
 *(.fini1)
 *(.fini0)
 .fini0         0x00000c58        0x4 p:/sdk/sdk_win_64/sdk_win_64/winavr/bin/../lib/gcc/avr/4.3.3/avr5\libgcc.a(_exit.o)
 *(.fini0)
                0x00000c5c                _etext = .

.data           0x00800060        0x4 load address 0x00000c5c
                0x00800060                PROVIDE (__data_start, .)
 *(.data)
 .data          0x00800060        0x0 p:/sdk/sdk_win_64/sdk_win_64/winavr/bin/../lib/gcc/avr/4.3.3/../../../../avr/lib/avr5/crtm32.o
 .data          0x00800060        0x0 ./MCAL/EXT_Interrupt/EXT_Interrupt_Prog.o
 .data          0x00800060        0x0 ./MCAL/DIO/DIO_Prog.o
 .data          0x00800060        0x0 ./HAL/Push_Button/Push_Button_Prog.o
 .data          0x00800060        0x0 ./HAL/LED/LED_Prog.o
 .data          0x00800060        0x0 ./APP/main.o
 .data          0x00800060        0x0 p:/sdk/sdk_win_64/sdk_win_64/winavr/bin/../lib/gcc/avr/4.3.3/avr5\libgcc.a(_exit.o)
 .data          0x00800060        0x0 p:/sdk/sdk_win_64/sdk_win_64/winavr/bin/../lib/gcc/avr/4.3.3/avr5\libgcc.a(_copy_data.o)
 .data          0x00800060        0x0 p:/sdk/sdk_win_64/sdk_win_64/winavr/bin/../lib/gcc/avr/4.3.3/avr5\libgcc.a(_clear_bss.o)
 *(.data*)
 .data.led1     0x00800060        0x1 ./APP/main.o
                0x00800060                led1
 .data.Btn      0x00800061        0x1 ./APP/main.o
                0x00800061                Btn
 .data.Global_BtnRead
                0x00800062        0x1 ./APP/main.o
                0x00800062                Global_BtnRead
 *(.rodata)
 *(.rodata*)
 *(.gnu.linkonce.d*)
                0x00800064                . = ALIGN (0x2)
 *fill*         0x00800063        0x1 00
                0x00800064                _edata = .
                0x00800064                PROVIDE (__data_end, .)

.bss            0x00800064        0x1
                0x00800064                PROVIDE (__bss_start, .)
 *(.bss)
 .bss           0x00800064        0x0 p:/sdk/sdk_win_64/sdk_win_64/winavr/bin/../lib/gcc/avr/4.3.3/../../../../avr/lib/avr5/crtm32.o
 .bss           0x00800064        0x0 ./MCAL/EXT_Interrupt/EXT_Interrupt_Prog.o
 .bss           0x00800064        0x0 ./MCAL/DIO/DIO_Prog.o
 .bss           0x00800064        0x0 ./HAL/Push_Button/Push_Button_Prog.o
 .bss           0x00800064        0x0 ./HAL/LED/LED_Prog.o
 .bss           0x00800064        0x0 ./APP/main.o
 .bss           0x00800064        0x0 p:/sdk/sdk_win_64/sdk_win_64/winavr/bin/../lib/gcc/avr/4.3.3/avr5\libgcc.a(_exit.o)
 .bss           0x00800064        0x0 p:/sdk/sdk_win_64/sdk_win_64/winavr/bin/../lib/gcc/avr/4.3.3/avr5\libgcc.a(_copy_data.o)
 .bss           0x00800064        0x0 p:/sdk/sdk_win_64/sdk_win_64/winavr/bin/../lib/gcc/avr/4.3.3/avr5\libgcc.a(_clear_bss.o)
 *(.bss*)
 .bss.ReturnStatus
                0x00800064        0x1 ./APP/main.o
                0x00800064                ReturnStatus
 *(COMMON)
                0x00800065                PROVIDE (__bss_end, .)
                0x00000c5c                __data_load_start = LOADADDR (.data)
                0x00000c60                __data_load_end = (__data_load_start + SIZEOF (.data))

.noinit         0x00800065        0x0
                0x00800065                PROVIDE (__noinit_start, .)
 *(.noinit*)
                0x00800065                PROVIDE (__noinit_end, .)
                0x00800065                _end = .
                0x00800065                PROVIDE (__heap_start, .)

.eeprom         0x00810000        0x0
 *(.eeprom*)
                0x00810000                __eeprom_end = .

.fuse
 *(.fuse)
 *(.lfuse)
 *(.hfuse)
 *(.efuse)

.lock
 *(.lock*)

.signature
 *(.signature*)

.stab
 *(.stab)

.stabstr
 *(.stabstr)

.stab.excl
 *(.stab.excl)

.stab.exclstr
 *(.stab.exclstr)

.stab.index
 *(.stab.index)

.stab.indexstr
 *(.stab.indexstr)

.comment
 *(.comment)

.debug
 *(.debug)

.line
 *(.line)

.debug_srcinfo
 *(.debug_srcinfo)

.debug_sfnames
 *(.debug_sfnames)

.debug_aranges
 *(.debug_aranges)

.debug_pubnames
 *(.debug_pubnames)

.debug_info
 *(.debug_info)
 *(.gnu.linkonce.wi.*)

.debug_abbrev
 *(.debug_abbrev)

.debug_line
 *(.debug_line)

.debug_frame
 *(.debug_frame)

.debug_str
 *(.debug_str)

.debug_loc
 *(.debug_loc)

.debug_macinfo
 *(.debug_macinfo)
OUTPUT(ATMEGA_Drivers.elf elf32-avr)
LOAD linker stubs
